Archive member included to satisfy reference by file (symbol)

/opt/gcc-arm/bin/../lib/gcc/arm-none-eabi/10.3.1/../../../../arm-none-eabi/lib/thumb/v7e-m+fp/hard/libc.a(lib_a-errno.o)
                              /home/vlab/FreeRTOS_Work/Presentation/STM32F4_Firmware/STM32F4-FreeRTOS/build/syscalls.o (__errno)
/opt/gcc-arm/bin/../lib/gcc/arm-none-eabi/10.3.1/../../../../arm-none-eabi/lib/thumb/v7e-m+fp/hard/libc.a(lib_a-exit.o)
                              /opt/gcc-arm/bin/../lib/gcc/arm-none-eabi/10.3.1/../../../../arm-none-eabi/lib/thumb/v7e-m+fp/hard/crt0.o (exit)
/opt/gcc-arm/bin/../lib/gcc/arm-none-eabi/10.3.1/../../../../arm-none-eabi/lib/thumb/v7e-m+fp/hard/libc.a(lib_a-impure.o)
                              /opt/gcc-arm/bin/../lib/gcc/arm-none-eabi/10.3.1/../../../../arm-none-eabi/lib/thumb/v7e-m+fp/hard/libc.a(lib_a-exit.o) (_global_impure_ptr)
/opt/gcc-arm/bin/../lib/gcc/arm-none-eabi/10.3.1/../../../../arm-none-eabi/lib/thumb/v7e-m+fp/hard/libc.a(lib_a-init.o)
                              /opt/gcc-arm/bin/../lib/gcc/arm-none-eabi/10.3.1/../../../../arm-none-eabi/lib/thumb/v7e-m+fp/hard/crt0.o (__libc_init_array)
/opt/gcc-arm/bin/../lib/gcc/arm-none-eabi/10.3.1/../../../../arm-none-eabi/lib/thumb/v7e-m+fp/hard/libc.a(lib_a-memcpy.o)
                              /home/vlab/FreeRTOS_Work/Presentation/STM32F4_Firmware/STM32F4-FreeRTOS/build/queue.o (memcpy)
/opt/gcc-arm/bin/../lib/gcc/arm-none-eabi/10.3.1/../../../../arm-none-eabi/lib/thumb/v7e-m+fp/hard/libc.a(lib_a-memset.o)
                              /opt/gcc-arm/bin/../lib/gcc/arm-none-eabi/10.3.1/../../../../arm-none-eabi/lib/thumb/v7e-m+fp/hard/crt0.o (memset)
/opt/gcc-arm/bin/../lib/gcc/arm-none-eabi/10.3.1/../../../../arm-none-eabi/lib/thumb/v7e-m+fp/hard/libc.a(lib_a-puts.o)
                              /home/vlab/FreeRTOS_Work/Presentation/STM32F4_Firmware/STM32F4-FreeRTOS/build/main.o (puts)
/opt/gcc-arm/bin/../lib/gcc/arm-none-eabi/10.3.1/../../../../arm-none-eabi/lib/thumb/v7e-m+fp/hard/libc.a(lib_a-strlen.o)
                              /opt/gcc-arm/bin/../lib/gcc/arm-none-eabi/10.3.1/../../../../arm-none-eabi/lib/thumb/v7e-m+fp/hard/libc.a(lib_a-puts.o) (strlen)
/opt/gcc-arm/bin/../lib/gcc/arm-none-eabi/10.3.1/../../../../arm-none-eabi/lib/thumb/v7e-m+fp/hard/libc.a(lib_a-__call_atexit.o)
                              /opt/gcc-arm/bin/../lib/gcc/arm-none-eabi/10.3.1/../../../../arm-none-eabi/lib/thumb/v7e-m+fp/hard/libc.a(lib_a-exit.o) (__call_exitprocs)
/opt/gcc-arm/bin/../lib/gcc/arm-none-eabi/10.3.1/../../../../arm-none-eabi/lib/thumb/v7e-m+fp/hard/libc.a(lib_a-atexit.o)
                              /opt/gcc-arm/bin/../lib/gcc/arm-none-eabi/10.3.1/../../../../arm-none-eabi/lib/thumb/v7e-m+fp/hard/libc.a(lib_a-__call_atexit.o) (atexit)
/opt/gcc-arm/bin/../lib/gcc/arm-none-eabi/10.3.1/../../../../arm-none-eabi/lib/thumb/v7e-m+fp/hard/libc.a(lib_a-findfp.o)
                              /opt/gcc-arm/bin/../lib/gcc/arm-none-eabi/10.3.1/../../../../arm-none-eabi/lib/thumb/v7e-m+fp/hard/libc.a(lib_a-puts.o) (__sinit)
/opt/gcc-arm/bin/../lib/gcc/arm-none-eabi/10.3.1/../../../../arm-none-eabi/lib/thumb/v7e-m+fp/hard/libc.a(lib_a-fini.o)
                              /opt/gcc-arm/bin/../lib/gcc/arm-none-eabi/10.3.1/../../../../arm-none-eabi/lib/thumb/v7e-m+fp/hard/libc.a(lib_a-__call_atexit.o) (__libc_fini_array)
/opt/gcc-arm/bin/../lib/gcc/arm-none-eabi/10.3.1/../../../../arm-none-eabi/lib/thumb/v7e-m+fp/hard/libc.a(lib_a-fvwrite.o)
                              /opt/gcc-arm/bin/../lib/gcc/arm-none-eabi/10.3.1/../../../../arm-none-eabi/lib/thumb/v7e-m+fp/hard/libc.a(lib_a-puts.o) (__sfvwrite_r)
/opt/gcc-arm/bin/../lib/gcc/arm-none-eabi/10.3.1/../../../../arm-none-eabi/lib/thumb/v7e-m+fp/hard/libc.a(lib_a-fwalk.o)
                              /opt/gcc-arm/bin/../lib/gcc/arm-none-eabi/10.3.1/../../../../arm-none-eabi/lib/thumb/v7e-m+fp/hard/libc.a(lib_a-findfp.o) (_fwalk)
/opt/gcc-arm/bin/../lib/gcc/arm-none-eabi/10.3.1/../../../../arm-none-eabi/lib/thumb/v7e-m+fp/hard/libc.a(lib_a-lock.o)
                              /opt/gcc-arm/bin/../lib/gcc/arm-none-eabi/10.3.1/../../../../arm-none-eabi/lib/thumb/v7e-m+fp/hard/libc.a(lib_a-findfp.o) (__retarget_lock_init_recursive)
/opt/gcc-arm/bin/../lib/gcc/arm-none-eabi/10.3.1/../../../../arm-none-eabi/lib/thumb/v7e-m+fp/hard/libc.a(lib_a-mallocr.o)
                              /opt/gcc-arm/bin/../lib/gcc/arm-none-eabi/10.3.1/../../../../arm-none-eabi/lib/thumb/v7e-m+fp/hard/libc.a(lib_a-findfp.o) (_malloc_r)
/opt/gcc-arm/bin/../lib/gcc/arm-none-eabi/10.3.1/../../../../arm-none-eabi/lib/thumb/v7e-m+fp/hard/libc.a(lib_a-memchr.o)
                              /opt/gcc-arm/bin/../lib/gcc/arm-none-eabi/10.3.1/../../../../arm-none-eabi/lib/thumb/v7e-m+fp/hard/libc.a(lib_a-fvwrite.o) (memchr)
/opt/gcc-arm/bin/../lib/gcc/arm-none-eabi/10.3.1/../../../../arm-none-eabi/lib/thumb/v7e-m+fp/hard/libc.a(lib_a-memmove.o)
[...]
Memory Configuration

Name             Origin             Length             Attributes
FLASH            0x0000000008000000 0x0000000000100000 xr
RAM              0x0000000020000000 0x0000000000020000 xrw
CCMRAM           0x0000000010000000 0x0000000000010000 rw
*default*        0x0000000000000000 0xffffffffffffffff

Linker script and memory map

LOAD /opt/gcc-arm/bin/../lib/gcc/arm-none-eabi/10.3.1/thumb/v7e-m+fp/hard/crti.o
LOAD /opt/gcc-arm/bin/../lib/gcc/arm-none-eabi/10.3.1/thumb/v7e-m+fp/hard/crtbegin.o
LOAD /opt/gcc-arm/bin/../lib/gcc/arm-none-eabi/10.3.1/../../../../arm-none-eabi/lib/thumb/v7e-m+fp/hard/crt0.o
LOAD /home/vlab/FreeRTOS_Work/Presentation/STM32F4_Firmware/STM32F4-FreeRTOS/build/stm32f4xx_it.o
LOAD /home/vlab/FreeRTOS_Work/Presentation/STM32F4_Firmware/STM32F4-FreeRTOS/build/system_stm32f4xx.o
LOAD /home/vlab/FreeRTOS_Work/Presentation/STM32F4_Firmware/STM32F4-FreeRTOS/build/main.o
LOAD /home/vlab/FreeRTOS_Work/Presentation/STM32F4_Firmware/STM32F4-FreeRTOS/build/syscalls.o
LOAD /home/vlab/FreeRTOS_Work/Presentation/STM32F4_Firmware/STM32F4-FreeRTOS/build/port.o
LOAD /home/vlab/FreeRTOS_Work/Presentation/STM32F4_Firmware/STM32F4-FreeRTOS/build/list.o
LOAD /home/vlab/FreeRTOS_Work/Presentation/STM32F4_Firmware/STM32F4-FreeRTOS/build/queue.o
LOAD /home/vlab/FreeRTOS_Work/Presentation/STM32F4_Firmware/STM32F4-FreeRTOS/build/tasks.o
LOAD /home/vlab/FreeRTOS_Work/Presentation/STM32F4_Firmware/STM32F4-FreeRTOS/build/event_groups.o
LOAD /home/vlab/FreeRTOS_Work/Presentation/STM32F4_Firmware/STM32F4-FreeRTOS/build/timers.o
LOAD /home/vlab/FreeRTOS_Work/Presentation/STM32F4_Firmware/STM32F4-FreeRTOS/build/heap_4.o
LOAD /home/vlab/FreeRTOS_Work/Presentation/STM32F4_Firmware/STM32F4-FreeRTOS/build/misc.o
LOAD /home/vlab/FreeRTOS_Work/Presentation/STM32F4_Firmware/STM32F4-FreeRTOS/build/stm32f4xx_dcmi.o
LOAD /home/vlab/FreeRTOS_Work/Presentation/STM32F4_Firmware/STM32F4-FreeRTOS/build/stm32f4xx_rtc.o
LOAD /home/vlab/FreeRTOS_Work/Presentation/STM32F4_Firmware/STM32F4-FreeRTOS/build/stm32f4xx_adc.o
LOAD /home/vlab/FreeRTOS_Work/Presentation/STM32F4_Firmware/STM32F4-FreeRTOS/build/stm32f4xx_dma.o
LOAD /home/vlab/FreeRTOS_Work/Presentation/STM32F4_Firmware/STM32F4-FreeRTOS/build/stm32f4xx_sai.o
LOAD /home/vlab/FreeRTOS_Work/Presentation/STM32F4_Firmware/STM32F4-FreeRTOS/build/stm32f4xx_can.o
LOAD /home/vlab/FreeRTOS_Work/Presentation/STM32F4_Firmware/STM32F4-FreeRTOS/build/stm32f4xx_dma2d.o
LOAD /home/vlab/FreeRTOS_Work/Presentation/STM32F4_Firmware/STM32F4-FreeRTOS/build/stm32f4xx_sdio.o
LOAD /home/vlab/FreeRTOS_Work/Presentation/STM32F4_Firmware/STM32F4-FreeRTOS/build/stm32f4xx_cec.o
LOAD /home/vlab/FreeRTOS_Work/Presentation/STM32F4_Firmware/STM32F4-FreeRTOS/build/stm32f4xx_dsi.o
LOAD /home/vlab/FreeRTOS_Work/Presentation/STM32F4_Firmware/STM32F4-FreeRTOS/build/stm32f4xx_i2c.o
LOAD /home/vlab/FreeRTOS_Work/Presentation/STM32F4_Firmware/STM32F4-FreeRTOS/build/stm32f4xx_spdifrx.o
LOAD /home/vlab/FreeRTOS_Work/Presentation/STM32F4_Firmware/STM32F4-FreeRTOS/build/stm32f4xx_crc.o
LOAD /home/vlab/FreeRTOS_Work/Presentation/STM32F4_Firmware/STM32F4-FreeRTOS/build/stm32f4xx_exti.o
LOAD /home/vlab/FreeRTOS_Work/Presentation/STM32F4_Firmware/STM32F4-FreeRTOS/build/stm32f4xx_iwdg.o
LOAD /home/vlab/FreeRTOS_Work/Presentation/STM32F4_Firmware/STM32F4-FreeRTOS/build/stm32f4xx_spi.o
LOAD /home/vlab/FreeRTOS_Work/Presentation/STM32F4_Firmware/STM32F4-FreeRTOS/build/stm32f4xx_flash.o
LOAD /home/vlab/FreeRTOS_Work/Presentation/STM32F4_Firmware/STM32F4-FreeRTOS/build/stm32f4xx_lptim.o
LOAD /home/vlab/FreeRTOS_Work/Presentation/STM32F4_Firmware/STM32F4-FreeRTOS/build/stm32f4xx_syscfg.o
LOAD /home/vlab/FreeRTOS_Work/Presentation/STM32F4_Firmware/STM32F4-FreeRTOS/build/stm32f4xx_flash_ramfunc.o
LOAD /home/vlab/FreeRTOS_Work/Presentation/STM32F4_Firmware/STM32F4-FreeRTOS/build/stm32f4xx_ltdc.o
LOAD /home/vlab/FreeRTOS_Work/Presentation/STM32F4_Firmware/STM32F4-FreeRTOS/build/stm32f4xx_tim.o
LOAD /home/vlab/FreeRTOS_Work/Presentation/STM32F4_Firmware/STM32F4-FreeRTOS/build/stm32f4xx_pwr.o
LOAD /home/vlab/FreeRTOS_Work/Presentation/STM32F4_Firmware/STM32F4-FreeRTOS/build/stm32f4xx_usart.o
LOAD /home/vlab/FreeRTOS_Work/Presentation/STM32F4_Firmware/STM32F4-FreeRTOS/build/stm32f4xx_fmpi2c.o
LOAD /home/vlab/FreeRTOS_Work/Presentation/STM32F4_Firmware/STM32F4-FreeRTOS/build/stm32f4xx_qspi.o
LOAD /home/vlab/FreeRTOS_Work/Presentation/STM32F4_Firmware/STM32F4-FreeRTOS/build/stm32f4xx_wwdg.o
LOAD /home/vlab/FreeRTOS_Work/Presentation/STM32F4_Firmware/STM32F4-FreeRTOS/build/stm32f4xx_dac.o
LOAD /home/vlab/FreeRTOS_Work/Presentation/STM32F4_Firmware/STM32F4-FreeRTOS/build/stm32f4xx_fsmc.o
LOAD /home/vlab/FreeRTOS_Work/Presentation/STM32F4_Firmware/STM32F4-FreeRTOS/build/stm32f4xx_rcc.o
LOAD /home/vlab/FreeRTOS_Work/Presentation/STM32F4_Firmware/STM32F4-FreeRTOS/build/stm32f4xx_dbgmcu.o
LOAD /home/vlab/FreeRTOS_Work/Presentation/STM32F4_Firmware/STM32F4-FreeRTOS/build/stm32f4xx_gpio.o
LOAD /home/vlab/FreeRTOS_Work/Presentation/STM32F4_Firmware/STM32F4-FreeRTOS/build/stm32f4xx_rng.o
LOAD /home/vlab/FreeRTOS_Work/Presentation/STM32F4_Firmware/STM32F4-FreeRTOS/build/startup_stm32f4xx.o
LOAD /opt/gcc-arm/bin/../lib/gcc/arm-none-eabi/10.3.1/../../../../arm-none-eabi/lib/thumb/v7e-m+fp/hard/libm.a
LOAD /opt/gcc-arm/bin/../lib/gcc/arm-none-eabi/10.3.1/../../../../arm-none-eabi/lib/thumb/v7e-m+fp/hard/libc.a
LOAD /opt/gcc-arm/bin/../lib/gcc/arm-none-eabi/10.3.1/thumb/v7e-m+fp/hard/libgcc.a
START GROUP
LOAD /opt/gcc-arm/bin/../lib/gcc/arm-none-eabi/10.3.1/thumb/v7e-m+fp/hard/libgcc.a
LOAD /opt/gcc-arm/bin/../lib/gcc/arm-none-eabi/10.3.1/../../../../arm-none-eabi/lib/thumb/v7e-m+fp/hard/libc.a
END GROUP
LOAD /opt/gcc-arm/bin/../lib/gcc/arm-none-eabi/10.3.1/thumb/v7e-m+fp/hard/crtend.o
LOAD /opt/gcc-arm/bin/../lib/gcc/arm-none-eabi/10.3.1/thumb/v7e-m+fp/hard/crtn.o
                0x000000002001ffff                _estack = 0x2001ffff
                0x0000000000000200                _Min_Heap_Size = 0x200
                0x0000000000000400                _Min_Stack_Size = 0x400

.isr_vector     0x0000000008000000      0x188
                0x0000000008000000                . = ALIGN (0x4)
 *(.isr_vector)
 .isr_vector    0x0000000008000000      0x188 /home/vlab/FreeRTOS_Work/Presentation/STM32F4_Firmware/STM32F4-FreeRTOS/build/startup_stm32f4xx.o
                0x0000000008000000                g_pfnVectors
                0x0000000008000188                . = ALIGN (0x4)

.text           0x00000000080001c0     0x3f44
                0x00000000080001c0                . = ALIGN (0x4)
 *(.text)
 .text          0x00000000080001c0       0x40 /opt/gcc-arm/bin/../lib/gcc/arm-none-eabi/10.3.1/thumb/v7e-m+fp/hard/crtbegin.o
 .text          0x0000000008000200      0x134 /opt/gcc-arm/bin/../lib/gcc/arm-none-eabi/10.3.1/../../../../arm-none-eabi/lib/thumb/v7e-m+fp/hard/libc.a(lib_a-memcpy.o)
                0x0000000008000200                memcpy
 *fill*         0x0000000008000334        0xc 
 .text          0x0000000008000340       0xdc /opt/gcc-arm/bin/../lib/gcc/arm-none-eabi/10.3.1/../../../../arm-none-eabi/lib/thumb/v7e-m+fp/hard/libc.a(lib_a-strlen.o)
                0x0000000008000340                strlen
 *fill*         0x000000000800041c        0x4 
 .text          0x0000000008000420       0xa0 /opt/gcc-arm/bin/../lib/gcc/arm-none-eabi/10.3.1/../../../../arm-none-eabi/lib/thumb/v7e-m+fp/hard/libc.a(lib_a-memchr.o)
                0x0000000008000420                memchr
 *(.text*)
 .text.NMI_Handler
                0x00000000080004c0        0x4 /home/vlab/FreeRTOS_Work/Presentation/STM32F4_Firmware/STM32F4-FreeRTOS/build/stm32f4xx_it.o
                0x00000000080004c0                NMI_Handler
 .text.prvGetRegistersFromStack
                0x00000000080004c4       0x30 /home/vlab/FreeRTOS_Work/Presentation/STM32F4_Firmware/STM32F4-FreeRTOS/build/stm32f4xx_it.o
                0x00000000080004c4                prvGetRegistersFromStack
 .text.HardFault_Handler
                0x00000000080004f4       0x18 /home/vlab/FreeRTOS_Work/Presentation/STM32F4_Firmware/STM32F4-FreeRTOS/build/stm32f4xx_it.o
                0x00000000080004f4                HardFault_Handler
 .text.MemManage_Handler
                0x000000000800050c        0x4 /home/vlab/FreeRTOS_Work/Presentation/STM32F4_Firmware/STM32F4-FreeRTOS/build/stm32f4xx_it.o
                0x000000000800050c                MemManage_Handler
 .text.BusFault_Handler
                0x0000000008000510        0x4 /home/vlab/FreeRTOS_Work/Presentation/STM32F4_Firmware/STM32F4-FreeRTOS/build/stm32f4xx_it.o
                0x0000000008000510                BusFault_Handler
 .text.UsageFault_Handler
                0x0000000008000514        0x4 /home/vlab/FreeRTOS_Work/Presentation/STM32F4_Firmware/STM32F4-FreeRTOS/build/stm32f4xx_it.o
                0x0000000008000514                UsageFault_Handler
 .text.DebugMon_Handler
                0x0000000008000518        0x4 /home/vlab/FreeRTOS_Work/Presentation/STM32F4_Firmware/STM32F4-FreeRTOS/build/stm32f4xx_it.o
                0x0000000008000518                DebugMon_Handler
 .text.SystemInit
                0x000000000800051c       0x50 /home/vlab/FreeRTOS_Work/Presentation/STM32F4_Firmware/STM32F4-FreeRTOS/build/system_stm32f4xx.o
                0x000000000800051c                SystemInit
 .text.test_FPU_test
                0x000000000800056c       0x18 /home/vlab/FreeRTOS_Work/Presentation/STM32F4_Firmware/STM32F4-FreeRTOS/build/main.o
                0x000000000800056c                test_FPU_test
 .text.vApplicationTickHook
                0x0000000008000584        0x4 /home/vlab/FreeRTOS_Work/Presentation/STM32F4_Firmware/STM32F4-FreeRTOS/build/main.o
                0x0000000008000584                vApplicationTickHook
 .text.vApplicationIdleHook
                0x0000000008000588        0x4 /home/vlab/FreeRTOS_Work/Presentation/STM32F4_Firmware/STM32F4-FreeRTOS/build/main.o
                0x0000000008000588                vApplicationIdleHook
 .text.vApplicationStackOverflowHook
                0x000000000800058c       0x14 /home/vlab/FreeRTOS_Work/Presentation/STM32F4_Firmware/STM32F4-FreeRTOS/build/main.o
                0x000000000800058c                vApplicationStackOverflowHook
 .text.vApplicationGetIdleTaskMemory
                0x00000000080005a0       0x1c /home/vlab/FreeRTOS_Work/Presentation/STM32F4_Firmware/STM32F4-FreeRTOS/build/main.o
                0x00000000080005a0                vApplicationGetIdleTaskMemory
 .text.vApplicationGetTimerTaskMemory
                0x00000000080005bc       0x20 /home/vlab/FreeRTOS_Work/Presentation/STM32F4_Firmware/STM32F4-FreeRTOS/build/main.o
                0x00000000080005bc                vApplicationGetTimerTaskMemory
 .text.init_USART3
                0x00000000080005dc       0x74 /home/vlab/FreeRTOS_Work/Presentation/STM32F4_Firmware/STM32F4-FreeRTOS/build/main.o
                0x00000000080005dc                init_USART3
 .text.startup.main
                0x0000000008000650       0x48 /home/vlab/FreeRTOS_Work/Presentation/STM32F4_Firmware/STM32F4-FreeRTOS/build/main.o
                0x0000000008000650                main
 .text._read    0x0000000008000698       0x10 /home/vlab/FreeRTOS_Work/Presentation/STM32F4_Firmware/STM32F4-FreeRTOS/build/syscalls.o
                0x0000000008000698                _read
 .text._lseek   0x00000000080006a8        0x4 /home/vlab/FreeRTOS_Work/Presentation/STM32F4_Firmware/STM32F4-FreeRTOS/build/syscalls.o
                0x00000000080006a8                _lseek
 .text._write   0x00000000080006ac       0x34 /home/vlab/FreeRTOS_Work/Presentation/STM32F4_Firmware/STM32F4-FreeRTOS/build/syscalls.o
                0x00000000080006ac                _write
 .text._close   0x00000000080006e0        0x4 /home/vlab/FreeRTOS_Work/Presentation/STM32F4_Firmware/STM32F4-FreeRTOS/build/syscalls.o
                0x00000000080006e0                _close
 .text._sbrk    0x00000000080006e4       0x38 /home/vlab/FreeRTOS_Work/Presentation/STM32F4_Firmware/STM32F4-FreeRTOS/build/syscalls.o
                0x00000000080006e4                _sbrk
 .text._fstat   0x000000000800071c       0x18 /home/vlab/FreeRTOS_Work/Presentation/STM32F4_Firmware/STM32F4-FreeRTOS/build/syscalls.o
                0x000000000800071c                _fstat
 .text._isatty  0x0000000008000734        0x4 /home/vlab/FreeRTOS_Work/Presentation/STM32F4_Firmware/STM32F4-FreeRTOS/build/syscalls.o
                0x0000000008000734                _isatty
 .text.prvTaskExitError
                0x0000000008000738       0x30 /home/vlab/FreeRTOS_Work/Presentation/STM32F4_Firmware/STM32F4-FreeRTOS/build/port.o
 .text.prvPortStartFirstTask
                0x0000000008000768       0x20 /home/vlab/FreeRTOS_Work/Presentation/STM32F4_Firmware/STM32F4-FreeRTOS/build/port.o
 .text.vPortEnableVFP
                0x0000000008000788       0x14 /home/vlab/FreeRTOS_Work/Presentation/STM32F4_Firmware/STM32F4-FreeRTOS/build/port.o
 .text.pxPortInitialiseStack
                0x000000000800079c       0x28 /home/vlab/FreeRTOS_Work/Presentation/STM32F4_Firmware/STM32F4-FreeRTOS/build/port.o
                0x000000000800079c                pxPortInitialiseStack
 *fill*         0x00000000080007c4        0xc 
 .text.SVC_Handler
                0x00000000080007d0       0x24 /home/vlab/FreeRTOS_Work/Presentation/STM32F4_Firmware/STM32F4-FreeRTOS/build/port.o
                0x00000000080007d0                SVC_Handler
 .text.vPortEnterCritical
                0x00000000080007f4       0x44 /home/vlab/FreeRTOS_Work/Presentation/STM32F4_Firmware/STM32F4-FreeRTOS/build/port.o
                0x00000000080007f4                vPortEnterCritical
 .text.vPortExitCritical
                0x0000000008000838       0x28 /home/vlab/FreeRTOS_Work/Presentation/STM32F4_Firmware/STM32F4-FreeRTOS/build/port.o
                0x0000000008000838                vPortExitCritical
 .text.PendSV_Handler
                0x0000000008000860       0x64 /home/vlab/FreeRTOS_Work/Presentation/STM32F4_Firmware/STM32F4-FreeRTOS/build/port.o
                0x0000000008000860                PendSV_Handler
 .text.SysTick_Handler
                0x00000000080008c4       0x2c /home/vlab/FreeRTOS_Work/Presentation/STM32F4_Firmware/STM32F4-FreeRTOS/build/port.o
                0x00000000080008c4                SysTick_Handler
 .text.vPortSetupTimerInterrupt
                0x00000000080008f0       0x24 /home/vlab/FreeRTOS_Work/Presentation/STM32F4_Firmware/STM32F4-FreeRTOS/build/port.o
                0x00000000080008f0                vPortSetupTimerInterrupt
 .text.xPortStartScheduler
                0x0000000008000914       0xf4 /home/vlab/FreeRTOS_Work/Presentation/STM32F4_Firmware/STM32F4-FreeRTOS/build/port.o
                0x0000000008000914                xPortStartScheduler
 .text.vListInitialise
                0x0000000008000a08       0x18 /home/vlab/FreeRTOS_Work/Presentation/STM32F4_Firmware/STM32F4-FreeRTOS/build/list.o
                0x0000000008000a08                vListInitialise
 .text.vListInitialiseItem
                0x0000000008000a20        0x8 /home/vlab/FreeRTOS_Work/Presentation/STM32F4_Firmware/STM32F4-FreeRTOS/build/list.o
                0x0000000008000a20                vListInitialiseItem
 .text.vListInsertEnd
                0x0000000008000a28       0x20 /home/vlab/FreeRTOS_Work/Presentation/STM32F4_Firmware/STM32F4-FreeRTOS/build/list.o
                0x0000000008000a28                vListInsertEnd
 .text.vListInsert
                0x0000000008000a48       0x30 /home/vlab/FreeRTOS_Work/Presentation/STM32F4_Firmware/STM32F4-FreeRTOS/build/list.o
                0x0000000008000a48                vListInsert
 .text.uxListRemove
                0x0000000008000a78       0x28 /home/vlab/FreeRTOS_Work/Presentation/STM32F4_Firmware/STM32F4-FreeRTOS/build/list.o
                0x0000000008000a78                uxListRemove
 .text.prvCopyDataToQueue
                0x0000000008000aa0       0x78 /home/vlab/FreeRTOS_Work/Presentation/STM32F4_Firmware/STM32F4-FreeRTOS/build/queue.o
 .text.xQueueGenericCreateStatic
                0x0000000008000b18       0xe0 /home/vlab/FreeRTOS_Work/Presentation/STM32F4_Firmware/STM32F4-FreeRTOS/build/queue.o
                0x0000000008000b18                xQueueGenericCreateStatic
 .text.xQueueGenericSend
                0x0000000008000bf8      0x2fc /home/vlab/FreeRTOS_Work/Presentation/STM32F4_Firmware/STM32F4-FreeRTOS/build/queue.o
                0x0000000008000bf8                xQueueGenericSend
 .text.xQueueGenericReceive
                0x0000000008000ef4      0x354 /home/vlab/FreeRTOS_Work/Presentation/STM32F4_Firmware/STM32F4-FreeRTOS/build/queue.o
                0x0000000008000ef4                xQueueGenericReceive
 .text.vQueueAddToRegistry
                0x0000000008001248       0x50 /home/vlab/FreeRTOS_Work/Presentation/STM32F4_Firmware/STM32F4-FreeRTOS/build/queue.o
                0x0000000008001248                vQueueAddToRegistry
 .text.vQueueWaitForMessageRestricted
                0x0000000008001298       0xc8 /home/vlab/FreeRTOS_Work/Presentation/STM32F4_Firmware/STM32F4-FreeRTOS/build/queue.o
                0x0000000008001298                vQueueWaitForMessageRestricted
 .text.prvAddNewTaskToReadyList
                0x0000000008001360      0x114 /home/vlab/FreeRTOS_Work/Presentation/STM32F4_Firmware/STM32F4-FreeRTOS/build/tasks.o
 .text.prvAddCurrentTaskToDelayedList
                0x0000000008001474       0x8c /home/vlab/FreeRTOS_Work/Presentation/STM32F4_Firmware/STM32F4-FreeRTOS/build/tasks.o
 .text.xTaskCreateStatic
                0x0000000008001500      0x108 /home/vlab/FreeRTOS_Work/Presentation/STM32F4_Firmware/STM32F4-FreeRTOS/build/tasks.o
                0x0000000008001500                xTaskCreateStatic
 .text.vTaskStartScheduler
                0x0000000008001608      0x104 /home/vlab/FreeRTOS_Work/Presentation/STM32F4_Firmware/STM32F4-FreeRTOS/build/tasks.o
                0x0000000008001608                vTaskStartScheduler
 .text.vTaskSuspendAll
                0x000000000800170c       0x10 /home/vlab/FreeRTOS_Work/Presentation/STM32F4_Firmware/STM32F4-FreeRTOS/build/tasks.o
                0x000000000800170c                vTaskSuspendAll
 .text.xTaskGetTickCount
                0x000000000800171c        0xc /home/vlab/FreeRTOS_Work/Presentation/STM32F4_Firmware/STM32F4-FreeRTOS/build/tasks.o
                0x000000000800171c                xTaskGetTickCount
 .text.xTaskIncrementTick
                0x0000000008001728      0x17c /home/vlab/FreeRTOS_Work/Presentation/STM32F4_Firmware/STM32F4-FreeRTOS/build/tasks.o
                0x0000000008001728                xTaskIncrementTick
 .text.xTaskResumeAll.part.0
                0x00000000080018a4      0x124 /home/vlab/FreeRTOS_Work/Presentation/STM32F4_Firmware/STM32F4-FreeRTOS/build/tasks.o
 .text.xTaskResumeAll
                0x00000000080019c8       0x20 /home/vlab/FreeRTOS_Work/Presentation/STM32F4_Firmware/STM32F4-FreeRTOS/build/tasks.o
                0x00000000080019c8                xTaskResumeAll
 .text.prvIdleTask
                0x00000000080019e8       0xd8 /home/vlab/FreeRTOS_Work/Presentation/STM32F4_Firmware/STM32F4-FreeRTOS/build/tasks.o
 .text.vTaskDelay
                0x0000000008001ac0       0x60 /home/vlab/FreeRTOS_Work/Presentation/STM32F4_Firmware/STM32F4-FreeRTOS/build/tasks.o
                0x0000000008001ac0                vTaskDelay
 .text.vTaskSwitchContext
                0x0000000008001b20       0xa4 /home/vlab/FreeRTOS_Work/Presentation/STM32F4_Firmware/STM32F4-FreeRTOS/build/tasks.o
                0x0000000008001b20                vTaskSwitchContext
 .text.vTaskPlaceOnEventList
                0x0000000008001bc4       0xa0 /home/vlab/FreeRTOS_Work/Presentation/STM32F4_Firmware/STM32F4-FreeRTOS/build/tasks.o
                0x0000000008001bc4                vTaskPlaceOnEventList
 .text.vTaskPlaceOnEventListRestricted
                0x0000000008001c64       0xc0 /home/vlab/FreeRTOS_Work/Presentation/STM32F4_Firmware/STM32F4-FreeRTOS/build/tasks.o
                0x0000000008001c64                vTaskPlaceOnEventListRestricted
 .text.xTaskRemoveFromEventList
                0x0000000008001d24       0x90 /home/vlab/FreeRTOS_Work/Presentation/STM32F4_Firmware/STM32F4-FreeRTOS/build/tasks.o
                0x0000000008001d24                xTaskRemoveFromEventList
 .text.vTaskSetTimeOutState
                0x0000000008001db4       0x2c /home/vlab/FreeRTOS_Work/Presentation/STM32F4_Firmware/STM32F4-FreeRTOS/build/tasks.o
                0x0000000008001db4                vTaskSetTimeOutState
 .text.xTaskCheckForTimeOut
                0x0000000008001de0       0x84 /home/vlab/FreeRTOS_Work/Presentation/STM32F4_Firmware/STM32F4-FreeRTOS/build/tasks.o
                0x0000000008001de0                xTaskCheckForTimeOut
 .text.vTaskMissedYield
                0x0000000008001e64        0xc /home/vlab/FreeRTOS_Work/Presentation/STM32F4_Firmware/STM32F4-FreeRTOS/build/tasks.o
                0x0000000008001e64                vTaskMissedYield
 .text.xTaskGetSchedulerState
                0x0000000008001e70       0x20 /home/vlab/FreeRTOS_Work/Presentation/STM32F4_Firmware/STM32F4-FreeRTOS/build/tasks.o
                0x0000000008001e70                xTaskGetSchedulerState
 .text.vTaskPriorityInherit
                0x0000000008001e90       0x9c /home/vlab/FreeRTOS_Work/Presentation/STM32F4_Firmware/STM32F4-FreeRTOS/build/tasks.o
                0x0000000008001e90                vTaskPriorityInherit
 .text.xTaskPriorityDisinherit
                0x0000000008001f2c       0xb8 /home/vlab/FreeRTOS_Work/Presentation/STM32F4_Firmware/STM32F4-FreeRTOS/build/tasks.o
                0x0000000008001f2c                xTaskPriorityDisinherit
 .text.pvTaskIncrementMutexHeldCount
                0x0000000008001fe4       0x18 /home/vlab/FreeRTOS_Work/Presentation/STM32F4_Firmware/STM32F4-FreeRTOS/build/tasks.o
                0x0000000008001fe4                pvTaskIncrementMutexHeldCount
 .text.prvSwitchTimerLists
                0x0000000008001ffc       0x98 /home/vlab/FreeRTOS_Work/Presentation/STM32F4_Firmware/STM32F4-FreeRTOS/build/timers.o
 .text.prvTimerTask
                0x0000000008002094      0x26c /home/vlab/FreeRTOS_Work/Presentation/STM32F4_Firmware/STM32F4-FreeRTOS/build/timers.o
 .text.xTimerCreateTimerTask
                0x0000000008002300       0xbc /home/vlab/FreeRTOS_Work/Presentation/STM32F4_Firmware/STM32F4-FreeRTOS/build/timers.o
                0x0000000008002300                xTimerCreateTimerTask
 .text.vPortFree
                0x00000000080023bc       0xb8 /home/vlab/FreeRTOS_Work/Presentation/STM32F4_Firmware/STM32F4-FreeRTOS/build/heap_4.o
                0x00000000080023bc                vPortFree
 .text.NVIC_PriorityGroupConfig
                0x0000000008002474       0x14 /home/vlab/FreeRTOS_Work/Presentation/STM32F4_Firmware/STM32F4-FreeRTOS/build/misc.o
                0x0000000008002474                NVIC_PriorityGroupConfig
 .text.USART_Init
                0x0000000008002488       0xc4 /home/vlab/FreeRTOS_Work/Presentation/STM32F4_Firmware/STM32F4-FreeRTOS/build/stm32f4xx_usart.o
                0x0000000008002488                USART_Init
 .text.USART_Cmd
                0x000000000800254c       0x1c /home/vlab/FreeRTOS_Work/Presentation/STM32F4_Firmware/STM32F4-FreeRTOS/build/stm32f4xx_usart.o
                0x000000000800254c                USART_Cmd
 .text.USART_SendData
                0x0000000008002568        0x8 /home/vlab/FreeRTOS_Work/Presentation/STM32F4_Firmware/STM32F4-FreeRTOS/build/stm32f4xx_usart.o
                0x0000000008002568                USART_SendData
 .text.RCC_GetClocksFreq
                0x0000000008002570       0x90 /home/vlab/FreeRTOS_Work/Presentation/STM32F4_Firmware/STM32F4-FreeRTOS/build/stm32f4xx_rcc.o
                0x0000000008002570                RCC_GetClocksFreq
 .text.RCC_AHB1PeriphClockCmd
                0x0000000008002600       0x18 /home/vlab/FreeRTOS_Work/Presentation/STM32F4_Firmware/STM32F4-FreeRTOS/build/stm32f4xx_rcc.o
                0x0000000008002600                RCC_AHB1PeriphClockCmd
 .text.RCC_APB1PeriphClockCmd
                0x0000000008002618       0x18 /home/vlab/FreeRTOS_Work/Presentation/STM32F4_Firmware/STM32F4-FreeRTOS/build/stm32f4xx_rcc.o
                0x0000000008002618                RCC_APB1PeriphClockCmd
 .text.GPIO_Init
                0x0000000008002630       0x94 /home/vlab/FreeRTOS_Work/Presentation/STM32F4_Firmware/STM32F4-FreeRTOS/build/stm32f4xx_gpio.o
                0x0000000008002630                GPIO_Init
 .text.GPIO_PinAFConfig
                0x00000000080026c4       0x28 /home/vlab/FreeRTOS_Work/Presentation/STM32F4_Firmware/STM32F4-FreeRTOS/build/stm32f4xx_gpio.o
                0x00000000080026c4                GPIO_PinAFConfig
 .text.Reset_Handler
                0x00000000080026ec       0x60 /home/vlab/FreeRTOS_Work/Presentation/STM32F4_Firmware/STM32F4-FreeRTOS/build/startup_stm32f4xx.o
                0x00000000080026ec                Reset_Handler
 .text.Default_Handler
                0x000000000800274c        0x2 /home/vlab/FreeRTOS_Work/Presentation/STM32F4_Firmware/STM32F4-FreeRTOS/build/startup_stm32f4xx.o
                0x000000000800274c                RTC_Alarm_IRQHandler
                0x000000000800274c                HASH_RNG_IRQHandler
                0x000000000800274c                EXTI2_IRQHandler
                0x000000000800274c                TIM8_CC_IRQHandler
                0x000000000800274c                TIM1_CC_IRQHandler
                0x000000000800274c                DMA2_Stream5_IRQHandler
                0x000000000800274c                DMA1_Stream5_IRQHandler
                0x000000000800274c                PVD_IRQHandler
                0x000000000800274c                SDIO_IRQHandler
                0x000000000800274c                TAMP_STAMP_IRQHandler
                0x000000000800274c                CAN2_RX1_IRQHandler
                0x000000000800274c                EXTI3_IRQHandler
                0x000000000800274c                TIM8_TRG_COM_TIM14_IRQHandler
                0x000000000800274c                TIM1_UP_TIM10_IRQHandler
                0x000000000800274c                TIM8_UP_TIM13_IRQHandler
                0x000000000800274c                I2C3_ER_IRQHandler
                0x000000000800274c                EXTI0_IRQHandler
                0x000000000800274c                I2C2_EV_IRQHandler
                0x000000000800274c                DMA1_Stream2_IRQHandler
                0x000000000800274c                CAN1_RX0_IRQHandler
                0x000000000800274c                FPU_IRQHandler
                0x000000000800274c                OTG_HS_WKUP_IRQHandler
                0x000000000800274c                CAN2_SCE_IRQHandler
                0x000000000800274c                DMA2_Stream2_IRQHandler
                0x000000000800274c                SPI1_IRQHandler
                0x000000000800274c                TIM6_DAC_IRQHandler
                0x000000000800274c                TIM1_BRK_TIM9_IRQHandler
                0x000000000800274c                DCMI_IRQHandler
                0x000000000800274c                CAN2_RX0_IRQHandler
                0x000000000800274c                DMA2_Stream3_IRQHandler
                0x000000000800274c                USART6_IRQHandler
                0x000000000800274c                USART3_IRQHandler
                0x000000000800274c                CRYP_IRQHandler
                0x000000000800274c                CAN1_RX1_IRQHandler
                0x000000000800274c                UART5_IRQHandler
                0x000000000800274c                DMA2_Stream0_IRQHandler
                0x000000000800274c                TIM4_IRQHandler
                0x000000000800274c                I2C1_EV_IRQHandler
                0x000000000800274c                DMA1_Stream6_IRQHandler
                0x000000000800274c                DMA1_Stream1_IRQHandler
                0x000000000800274c                UART4_IRQHandler
                0x000000000800274c                TIM3_IRQHandler
                0x000000000800274c                RCC_IRQHandler
                0x000000000800274c                TIM8_BRK_TIM12_IRQHandler
                0x000000000800274c                Default_Handler
                0x000000000800274c                EXTI15_10_IRQHandler
                0x000000000800274c                ADC_IRQHandler
                0x000000000800274c                DMA1_Stream7_IRQHandler
                0x000000000800274c                TIM7_IRQHandler
                0x000000000800274c                CAN2_TX_IRQHandler
                0x000000000800274c                TIM5_IRQHandler
                0x000000000800274c                DMA2_Stream7_IRQHandler
                0x000000000800274c                I2C3_EV_IRQHandler
                0x000000000800274c                EXTI9_5_IRQHandler
                0x000000000800274c                RTC_WKUP_IRQHandler
                0x000000000800274c                ETH_WKUP_IRQHandler
                0x000000000800274c                SPI2_IRQHandler
                0x000000000800274c                OTG_HS_EP1_IN_IRQHandler
                0x000000000800274c                DMA1_Stream0_IRQHandler
                0x000000000800274c                CAN1_TX_IRQHandler
                0x000000000800274c                EXTI4_IRQHandler
                0x000000000800274c                FSMC_IRQHandler
                0x000000000800274c                ETH_IRQHandler
                0x000000000800274c                OTG_HS_EP1_OUT_IRQHandler
                0x000000000800274c                WWDG_IRQHandler
                0x000000000800274c                TIM2_IRQHandler
                0x000000000800274c                OTG_FS_WKUP_IRQHandler
                0x000000000800274c                TIM1_TRG_COM_TIM11_IRQHandler
                0x000000000800274c                OTG_HS_IRQHandler
                0x000000000800274c                EXTI1_IRQHandler
                0x000000000800274c                USART2_IRQHandler
                0x000000000800274c                I2C2_ER_IRQHandler
                0x000000000800274c                DMA2_Stream1_IRQHandler
                0x000000000800274c                CAN1_SCE_IRQHandler
                0x000000000800274c                FLASH_IRQHandler
                0x000000000800274c                DMA2_Stream4_IRQHandler
                0x000000000800274c                USART1_IRQHandler
                0x000000000800274c                OTG_FS_IRQHandler
                0x000000000800274c                SPI3_IRQHandler
                0x000000000800274c                DMA1_Stream4_IRQHandler
                0x000000000800274c                I2C1_ER_IRQHandler
                0x000000000800274c                DMA2_Stream6_IRQHandler
                0x000000000800274c                DMA1_Stream3_IRQHandler
 *fill*         0x000000000800274e        0x2 
 .text.__errno  0x0000000008002750        0xc /opt/gcc-arm/bin/../lib/gcc/arm-none-eabi/10.3.1/../../../../arm-none-eabi/lib/thumb/v7e-m+fp/hard/libc.a(lib_a-errno.o)
                0x0000000008002750                __errno
 .text.__libc_init_array
                0x000000000800275c       0x48 /opt/gcc-arm/bin/../lib/gcc/arm-none-eabi/10.3.1/../../../../arm-none-eabi/lib/thumb/v7e-m+fp/hard/libc.a(lib_a-init.o)
                0x000000000800275c                __libc_init_array
 .text.memset   0x00000000080027a4       0xa4 /opt/gcc-arm/bin/../lib/gcc/arm-none-eabi/10.3.1/../../../../arm-none-eabi/lib/thumb/v7e-m+fp/hard/libc.a(lib_a-memset.o)
                0x00000000080027a4                memset
 .text._puts_r  0x0000000008002848       0x9c /opt/gcc-arm/bin/../lib/gcc/arm-none-eabi/10.3.1/../../../../arm-none-eabi/lib/thumb/v7e-m+fp/hard/libc.a(lib_a-puts.o)
                0x0000000008002848                _puts_r
 .text.puts     0x00000000080028e4       0x10 /opt/gcc-arm/bin/../lib/gcc/arm-none-eabi/10.3.1/../../../../arm-none-eabi/lib/thumb/v7e-m+fp/hard/libc.a(lib_a-puts.o)
                0x00000000080028e4                puts
 .text.startup.register_fini
                0x00000000080028f4       0x14 /opt/gcc-arm/bin/../lib/gcc/arm-none-eabi/10.3.1/../../../../arm-none-eabi/lib/thumb/v7e-m+fp/hard/libc.a(lib_a-__call_atexit.o)
 .text.atexit   0x0000000008002908        0xc /opt/gcc-arm/bin/../lib/gcc/arm-none-eabi/10.3.1/../../../../arm-none-eabi/lib/thumb/v7e-m+fp/hard/libc.a(lib_a-atexit.o)
                0x0000000008002908                atexit
 .text._cleanup_r
                0x0000000008002914        0xc /opt/gcc-arm/bin/../lib/gcc/arm-none-eabi/10.3.1/../../../../arm-none-eabi/lib/thumb/v7e-m+fp/hard/libc.a(lib_a-findfp.o)
                0x0000000008002914                _cleanup_r
 .text.__sinit  0x0000000008002920      0x10c /opt/gcc-arm/bin/../lib/gcc/arm-none-eabi/10.3.1/../../../../arm-none-eabi/lib/thumb/v7e-m+fp/hard/libc.a(lib_a-findfp.o)
                0x0000000008002920                __sinit
 .text.__sfp_lock_acquire
                0x0000000008002a2c        0xc /opt/gcc-arm/bin/../lib/gcc/arm-none-eabi/10.3.1/../../../../arm-none-eabi/lib/thumb/v7e-m+fp/hard/libc.a(lib_a-findfp.o)
                0x0000000008002a2c                __sfp_lock_acquire
 .text.__sfp_lock_release
                0x0000000008002a38        0xc /opt/gcc-arm/bin/../lib/gcc/arm-none-eabi/10.3.1/../../../../arm-none-eabi/lib/thumb/v7e-m+fp/hard/libc.a(lib_a-findfp.o)
                0x0000000008002a38                __sfp_lock_release
 .text.__libc_fini_array
                0x0000000008002a44       0x2c /opt/gcc-arm/bin/../lib/gcc/arm-none-eabi/10.3.1/../../../../arm-none-eabi/lib/thumb/v7e-m+fp/hard/libc.a(lib_a-fini.o)
                0x0000000008002a44                __libc_fini_array
 .text.__sfvwrite_r
                0x0000000008002a70      0x2f0 /opt/gcc-arm/bin/../lib/gcc/arm-none-eabi/10.3.1/../../../../arm-none-eabi/lib/thumb/v7e-m+fp/hard/libc.a(lib_a-fvwrite.o)
                0x0000000008002a70                __sfvwrite_r
 .text._fwalk_reent
                0x0000000008002d60       0x48 /opt/gcc-arm/bin/../lib/gcc/arm-none-eabi/10.3.1/../../../../arm-none-eabi/lib/thumb/v7e-m+fp/hard/libc.a(lib_a-fwalk.o)
                0x0000000008002d60                _fwalk_reent
 .text.__retarget_lock_init_recursive
                0x0000000008002da8        0x4 /opt/gcc-arm/bin/../lib/gcc/arm-none-eabi/10.3.1/../../../../arm-none-eabi/lib/thumb/v7e-m+fp/hard/libc.a(lib_a-lock.o)
                0x0000000008002da8                __retarget_lock_init_recursive
 .text.__retarget_lock_close_recursive
                0x0000000008002dac        0x4 /opt/gcc-arm/bin/../lib/gcc/arm-none-eabi/10.3.1/../../../../arm-none-eabi/lib/thumb/v7e-m+fp/hard/libc.a(lib_a-lock.o)
                0x0000000008002dac                __retarget_lock_close_recursive
 .text.__retarget_lock_acquire_recursive
                0x0000000008002db0        0x4 /opt/gcc-arm/bin/../lib/gcc/arm-none-eabi/10.3.1/../../../../arm-none-eabi/lib/thumb/v7e-m+fp/hard/libc.a(lib_a-lock.o)
                0x0000000008002db0                __retarget_lock_acquire_recursive
 .text.__retarget_lock_release_recursive
                0x0000000008002db4        0x4 /opt/gcc-arm/bin/../lib/gcc/arm-none-eabi/10.3.1/../../../../arm-none-eabi/lib/thumb/v7e-m+fp/hard/libc.a(lib_a-lock.o)
                0x0000000008002db4                __retarget_lock_release_recursive
 .text._malloc_r
                0x0000000008002db8      0x560 /opt/gcc-arm/bin/../lib/gcc/arm-none-eabi/10.3.1/../../../../arm-none-eabi/lib/thumb/v7e-m+fp/hard/libc.a(lib_a-mallocr.o)
                0x0000000008002db8                _malloc_r
 .text.memmove  0x0000000008003318       0xf8 /opt/gcc-arm/bin/../lib/gcc/arm-none-eabi/10.3.1/../../../../arm-none-eabi/lib/thumb/v7e-m+fp/hard/libc.a(lib_a-memmove.o)
                0x0000000008003318                memmove
 .text.__malloc_lock
                0x0000000008003410        0xc /opt/gcc-arm/bin/../lib/gcc/arm-none-eabi/10.3.1/../../../../arm-none-eabi/lib/thumb/v7e-m+fp/hard/libc.a(lib_a-mlock.o)
                0x0000000008003410                __malloc_lock
 .text.__malloc_unlock
                0x000000000800341c        0xc /opt/gcc-arm/bin/../lib/gcc/arm-none-eabi/10.3.1/../../../../arm-none-eabi/lib/thumb/v7e-m+fp/hard/libc.a(lib_a-mlock.o)
                0x000000000800341c                __malloc_unlock
 .text._realloc_r
                0x0000000008003428      0x3d8 /opt/gcc-arm/bin/../lib/gcc/arm-none-eabi/10.3.1/../../../../arm-none-eabi/lib/thumb/v7e-m+fp/hard/libc.a(lib_a-reallocr.o)
                0x0000000008003428                _realloc_r
 .text._sbrk_r  0x0000000008003800       0x24 /opt/gcc-arm/bin/../lib/gcc/arm-none-eabi/10.3.1/../../../../arm-none-eabi/lib/thumb/v7e-m+fp/hard/libc.a(lib_a-sbrkr.o)
                0x0000000008003800                _sbrk_r
 .text.__sread  0x0000000008003824       0x24 /opt/gcc-arm/bin/../lib/gcc/arm-none-eabi/10.3.1/../../../../arm-none-eabi/lib/thumb/v7e-m+fp/hard/libc.a(lib_a-stdio.o)
                0x0000000008003824                __sread
 .text.__swrite
                0x0000000008003848       0x40 /opt/gcc-arm/bin/../lib/gcc/arm-none-eabi/10.3.1/../../../../arm-none-eabi/lib/thumb/v7e-m+fp/hard/libc.a(lib_a-stdio.o)
                0x0000000008003848                __swrite
 .text.__sseek  0x0000000008003888       0x20 /opt/gcc-arm/bin/../lib/gcc/arm-none-eabi/10.3.1/../../../../arm-none-eabi/lib/thumb/v7e-m+fp/hard/libc.a(lib_a-stdio.o)
                0x0000000008003888                __sseek
 .text.__sclose
                0x00000000080038a8        0x8 /opt/gcc-arm/bin/../lib/gcc/arm-none-eabi/10.3.1/../../../../arm-none-eabi/lib/thumb/v7e-m+fp/hard/libc.a(lib_a-stdio.o)
                0x00000000080038a8                __sclose
 .text._write_r
                0x00000000080038b0       0x2c /opt/gcc-arm/bin/../lib/gcc/arm-none-eabi/10.3.1/../../../../arm-none-eabi/lib/thumb/v7e-m+fp/hard/libc.a(lib_a-writer.o)
                0x00000000080038b0                _write_r
 .text.__swsetup_r
                0x00000000080038dc       0xd4 /opt/gcc-arm/bin/../lib/gcc/arm-none-eabi/10.3.1/../../../../arm-none-eabi/lib/thumb/v7e-m+fp/hard/libc.a(lib_a-wsetup.o)
                0x00000000080038dc                __swsetup_r
 .text.__register_exitproc
                0x00000000080039b0       0x8c /opt/gcc-arm/bin/../lib/gcc/arm-none-eabi/10.3.1/../../../../arm-none-eabi/lib/thumb/v7e-m+fp/hard/libc.a(lib_a-__atexit.o)
                0x00000000080039b0                __register_exitproc
 .text._close_r
                0x0000000008003a3c       0x24 /opt/gcc-arm/bin/../lib/gcc/arm-none-eabi/10.3.1/../../../../arm-none-eabi/lib/thumb/v7e-m+fp/hard/libc.a(lib_a-closer.o)
                0x0000000008003a3c                _close_r
 .text._fclose_r
                0x0000000008003a60       0xcc /opt/gcc-arm/bin/../lib/gcc/arm-none-eabi/10.3.1/../../../../arm-none-eabi/lib/thumb/v7e-m+fp/hard/libc.a(lib_a-fclose.o)
                0x0000000008003a60                _fclose_r
 .text.__sflush_r
                0x0000000008003b2c      0x130 /opt/gcc-arm/bin/../lib/gcc/arm-none-eabi/10.3.1/../../../../arm-none-eabi/lib/thumb/v7e-m+fp/hard/libc.a(lib_a-fflush.o)
                0x0000000008003b2c                __sflush_r
 .text._fflush_r
                0x0000000008003c5c       0x5c /opt/gcc-arm/bin/../lib/gcc/arm-none-eabi/10.3.1/../../../../arm-none-eabi/lib/thumb/v7e-m+fp/hard/libc.a(lib_a-fflush.o)
                0x0000000008003c5c                _fflush_r
 .text._malloc_trim_r
                0x0000000008003cb8       0xa0 /opt/gcc-arm/bin/../lib/gcc/arm-none-eabi/10.3.1/../../../../arm-none-eabi/lib/thumb/v7e-m+fp/hard/libc.a(lib_a-freer.o)
                0x0000000008003cb8                _malloc_trim_r
 .text._free_r  0x0000000008003d58      0x20c /opt/gcc-arm/bin/../lib/gcc/arm-none-eabi/10.3.1/../../../../arm-none-eabi/lib/thumb/v7e-m+fp/hard/libc.a(lib_a-freer.o)
                0x0000000008003d58                _free_r
 .text._lseek_r
                0x0000000008003f64       0x2c /opt/gcc-arm/bin/../lib/gcc/arm-none-eabi/10.3.1/../../../../arm-none-eabi/lib/thumb/v7e-m+fp/hard/libc.a(lib_a-lseekr.o)
                0x0000000008003f64                _lseek_r
 .text.__smakebuf_r
                0x0000000008003f90       0xe0 /opt/gcc-arm/bin/../lib/gcc/arm-none-eabi/10.3.1/../../../../arm-none-eabi/lib/thumb/v7e-m+fp/hard/libc.a(lib_a-makebuf.o)
                0x0000000008003f90                __smakebuf_r
 .text._read_r  0x0000000008004070       0x2c /opt/gcc-arm/bin/../lib/gcc/arm-none-eabi/10.3.1/../../../../arm-none-eabi/lib/thumb/v7e-m+fp/hard/libc.a(lib_a-readr.o)
                0x0000000008004070                _read_r
 .text._fstat_r
                0x000000000800409c       0x2c /opt/gcc-arm/bin/../lib/gcc/arm-none-eabi/10.3.1/../../../../arm-none-eabi/lib/thumb/v7e-m+fp/hard/libc.a(lib_a-fstatr.o)
                0x000000000800409c                _fstat_r
 .text._isatty_r
                0x00000000080040c8       0x24 /opt/gcc-arm/bin/../lib/gcc/arm-none-eabi/10.3.1/../../../../arm-none-eabi/lib/thumb/v7e-m+fp/hard/libc.a(lib_a-isattyr.o)
                0x00000000080040c8                _isatty_r
 *(.glue_7)
 .glue_7        0x00000000080040ec        0x0 linker stubs
 *(.glue_7t)
 .glue_7t       0x00000000080040ec        0x0 linker stubs
 *(.eh_frame)
 .eh_frame      0x00000000080040ec        0x0 /opt/gcc-arm/bin/../lib/gcc/arm-none-eabi/10.3.1/thumb/v7e-m+fp/hard/crtbegin.o
 *(.init)
 .init          0x00000000080040ec        0x4 /opt/gcc-arm/bin/../lib/gcc/arm-none-eabi/10.3.1/thumb/v7e-m+fp/hard/crti.o
                0x00000000080040ec                _init
 .init          0x00000000080040f0        0x8 /opt/gcc-arm/bin/../lib/gcc/arm-none-eabi/10.3.1/thumb/v7e-m+fp/hard/crtn.o
 *(.fini)
 .fini          0x00000000080040f8        0x4 /opt/gcc-arm/bin/../lib/gcc/arm-none-eabi/10.3.1/thumb/v7e-m+fp/hard/crti.o
                0x00000000080040f8                _fini
 .fini          0x00000000080040fc        0x8 /opt/gcc-arm/bin/../lib/gcc/arm-none-eabi/10.3.1/thumb/v7e-m+fp/hard/crtn.o
                0x0000000008004104                . = ALIGN (0x4)
                0x0000000008004104                _etext = .

.vfp11_veneer   0x0000000008004104        0x0
 .vfp11_veneer  0x0000000008004104        0x0 linker stubs

.v4_bx          0x0000000008004104        0x0
 .v4_bx         0x0000000008004104        0x0 linker stubs

.iplt           0x0000000008004104        0x0
 .iplt          0x0000000008004104        0x0 /opt/gcc-arm/bin/../lib/gcc/arm-none-eabi/10.3.1/thumb/v7e-m+fp/hard/crtbegin.o

.rodata         0x0000000008004104       0x44
                0x0000000008004104                . = ALIGN (0x4)
 *(.rodata)
 *(.rodata*)
 .rodata.test_FPU_test.str1.4
                0x0000000008004104       0x15 /home/vlab/FreeRTOS_Work/Presentation/STM32F4_Firmware/STM32F4-FreeRTOS/build/main.o
 *fill*         0x0000000008004119        0x3 
 .rodata.main.str1.4
                0x000000000800411c       0x14 /home/vlab/FreeRTOS_Work/Presentation/STM32F4_Firmware/STM32F4-FreeRTOS/build/main.o
 .rodata.xTimerCreateTimerTask.str1.4
                0x0000000008004130       0x10 /home/vlab/FreeRTOS_Work/Presentation/STM32F4_Firmware/STM32F4-FreeRTOS/build/timers.o
 .rodata._global_impure_ptr
                0x0000000008004140        0x4 /opt/gcc-arm/bin/../lib/gcc/arm-none-eabi/10.3.1/../../../../arm-none-eabi/lib/thumb/v7e-m+fp/hard/libc.a(lib_a-impure.o)
                0x0000000008004140                _global_impure_ptr
 .rodata._puts_r.str1.4
                0x0000000008004144        0x2 /opt/gcc-arm/bin/../lib/gcc/arm-none-eabi/10.3.1/../../../../arm-none-eabi/lib/thumb/v7e-m+fp/hard/libc.a(lib_a-puts.o)
                0x0000000008004148                . = ALIGN (0x4)
 *fill*         0x0000000008004146        0x2 

.rel.dyn        0x0000000008004148        0x0
 .rel.iplt      0x0000000008004148        0x0 /opt/gcc-arm/bin/../lib/gcc/arm-none-eabi/10.3.1/thumb/v7e-m+fp/hard/crtbegin.o

.ARM.extab
 *(.ARM.extab* .gnu.linkonce.armextab.*)

.ARM            0x0000000008004148        0x0
                0x0000000008004148                __exidx_start = .
 *(.ARM.exidx*)
                0x0000000008004148                __exidx_end = .

.preinit_array  0x0000000008004148        0x0
                0x0000000008004148                PROVIDE (__preinit_array_start = .)
 *(.preinit_array*)
                0x0000000008004148                PROVIDE (__preinit_array_end = .)

.init_array     0x0000000008004148        0x8
                0x0000000008004148                PROVIDE (__init_array_start = .)
 *(SORT_BY_NAME(.init_array.*))
 .init_array.00000
                0x0000000008004148        0x4 /opt/gcc-arm/bin/../lib/gcc/arm-none-eabi/10.3.1/../../../../arm-none-eabi/lib/thumb/v7e-m+fp/hard/libc.a(lib_a-__call_atexit.o)
 *(.init_array*)
 .init_array    0x000000000800414c        0x4 /opt/gcc-arm/bin/../lib/gcc/arm-none-eabi/10.3.1/thumb/v7e-m+fp/hard/crtbegin.o
                0x0000000008004150                PROVIDE (__init_array_end = .)

.fini_array     0x0000000008004150        0x4
                0x0000000008004150                PROVIDE (__fini_array_start = .)
 *(SORT_BY_NAME(.fini_array.*))
 *(.fini_array*)
 .fini_array    0x0000000008004150        0x4 /opt/gcc-arm/bin/../lib/gcc/arm-none-eabi/10.3.1/thumb/v7e-m+fp/hard/crtbegin.o
                0x0000000008004154                PROVIDE (__fini_array_end = .)
                0x0000000008004154                _sidata = LOADADDR (.data)

.data           0x0000000020000000      0x85c load address 0x0000000008004154
                0x0000000020000000                . = ALIGN (0x4)
                0x0000000020000000                _sdata = .
 *(.data)
 *(.data*)
 .data.SystemCoreClock
                0x0000000020000000        0x4 /home/vlab/FreeRTOS_Work/Presentation/STM32F4_Firmware/STM32F4-FreeRTOS/build/system_stm32f4xx.o
                0x0000000020000000                SystemCoreClock
 .data.uxCriticalNesting
                0x0000000020000004        0x4 /home/vlab/FreeRTOS_Work/Presentation/STM32F4_Firmware/STM32F4-FreeRTOS/build/port.o
 .data.APBAHBPrescTable
                0x0000000020000008       0x10 /home/vlab/FreeRTOS_Work/Presentation/STM32F4_Firmware/STM32F4-FreeRTOS/build/stm32f4xx_rcc.o
 .data._impure_ptr
                0x0000000020000018        0x4 /opt/gcc-arm/bin/../lib/gcc/arm-none-eabi/10.3.1/../../../../arm-none-eabi/lib/thumb/v7e-m+fp/hard/libc.a(lib_a-impure.o)
                0x0000000020000018                _impure_ptr
 *fill*         0x000000002000001c        0x4 
 .data.impure_data
                0x0000000020000020      0x428 /opt/gcc-arm/bin/../lib/gcc/arm-none-eabi/10.3.1/../../../../arm-none-eabi/lib/thumb/v7e-m+fp/hard/libc.a(lib_a-impure.o)
 .data.__atexit_recursive_mutex
                0x0000000020000448        0x4 /opt/gcc-arm/bin/../lib/gcc/arm-none-eabi/10.3.1/../../../../arm-none-eabi/lib/thumb/v7e-m+fp/hard/libc.a(lib_a-__call_atexit.o)
                0x0000000020000448                __atexit_recursive_mutex
 .data.__malloc_av_
                0x000000002000044c      0x408 /opt/gcc-arm/bin/../lib/gcc/arm-none-eabi/10.3.1/../../../../arm-none-eabi/lib/thumb/v7e-m+fp/hard/libc.a(lib_a-mallocr.o)
                0x000000002000044c                __malloc_av_
 .data.__malloc_sbrk_base
                0x0000000020000854        0x4 /opt/gcc-arm/bin/../lib/gcc/arm-none-eabi/10.3.1/../../../../arm-none-eabi/lib/thumb/v7e-m+fp/hard/libc.a(lib_a-mallocr.o)
                0x0000000020000854                __malloc_sbrk_base
 .data.__malloc_trim_threshold
                0x0000000020000858        0x4 /opt/gcc-arm/bin/../lib/gcc/arm-none-eabi/10.3.1/../../../../arm-none-eabi/lib/thumb/v7e-m+fp/hard/libc.a(lib_a-mallocr.o)
                0x0000000020000858                __malloc_trim_threshold
                0x000000002000085c                . = ALIGN (0x4)
                0x000000002000085c                _edata = .
                0x00000000080049b0                _siccmram = LOADADDR (.ccmram)

.igot.plt       0x000000002000085c        0x0 load address 0x00000000080049b0
 .igot.plt      0x000000002000085c        0x0 /opt/gcc-arm/bin/../lib/gcc/arm-none-eabi/10.3.1/thumb/v7e-m+fp/hard/crtbegin.o

.ccmram         0x0000000010000000      0xb20 load address 0x00000000080049b0
                0x0000000010000000                . = ALIGN (0x4)
                0x0000000010000000                _sccmram = .
 *(.ccmram)
 .ccmram        0x0000000010000000      0xb20 /home/vlab/FreeRTOS_Work/Presentation/STM32F4_Firmware/STM32F4-FreeRTOS/build/main.o
                0x0000000010000000                xIdleTaskTCB
                0x0000000010000058                uxIdleTaskStack
                0x00000000100006c8                fpuTaskBuffer
                0x0000000010000720                fpuTaskStack
 *(.ccmram*)
                0x0000000010000b20                . = ALIGN (0x4)
                0x0000000010000b20                _eccmram = .
                0x0000000010000b20                . = ALIGN (0x4)

.bss            0x0000000020000860      0x2c8
                0x0000000020000860                _sbss = .
                0x0000000020000860                __bss_start__ = _sbss
 *(.bss)
 .bss           0x0000000020000860       0x1c /opt/gcc-arm/bin/../lib/gcc/arm-none-eabi/10.3.1/thumb/v7e-m+fp/hard/crtbegin.o
 *(.bss*)
 .bss.heap_end.0
                0x000000002000087c        0x4 /home/vlab/FreeRTOS_Work/Presentation/STM32F4_Firmware/STM32F4-FreeRTOS/build/syscalls.o
 .bss.ucMaxSysCallPriority
                0x0000000020000880        0x1 /home/vlab/FreeRTOS_Work/Presentation/STM32F4_Firmware/STM32F4-FreeRTOS/build/port.o
 *fill*         0x0000000020000881        0x3 
 .bss.ulMaxPRIGROUPValue
                0x0000000020000884        0x4 /home/vlab/FreeRTOS_Work/Presentation/STM32F4_Firmware/STM32F4-FreeRTOS/build/port.o
 .bss.xQueueRegistry
                0x0000000020000888       0x40 /home/vlab/FreeRTOS_Work/Presentation/STM32F4_Firmware/STM32F4-FreeRTOS/build/queue.o
                0x0000000020000888                xQueueRegistry
 .bss.pxCurrentTCB
                0x00000000200008c8        0x4 /home/vlab/FreeRTOS_Work/Presentation/STM32F4_Firmware/STM32F4-FreeRTOS/build/tasks.o
                0x00000000200008c8                pxCurrentTCB
 .bss.pxDelayedTaskList
                0x00000000200008cc        0x4 /home/vlab/FreeRTOS_Work/Presentation/STM32F4_Firmware/STM32F4-FreeRTOS/build/tasks.o
 .bss.pxOverflowDelayedTaskList
                0x00000000200008d0        0x4 /home/vlab/FreeRTOS_Work/Presentation/STM32F4_Firmware/STM32F4-FreeRTOS/build/tasks.o
 .bss.pxReadyTasksLists
                0x00000000200008d4       0x64 /home/vlab/FreeRTOS_Work/Presentation/STM32F4_Firmware/STM32F4-FreeRTOS/build/tasks.o
 .bss.uxCurrentNumberOfTasks
                0x0000000020000938        0x4 /home/vlab/FreeRTOS_Work/Presentation/STM32F4_Firmware/STM32F4-FreeRTOS/build/tasks.o
 .bss.uxDeletedTasksWaitingCleanUp
                0x000000002000093c        0x4 /home/vlab/FreeRTOS_Work/Presentation/STM32F4_Firmware/STM32F4-FreeRTOS/build/tasks.o
 .bss.uxPendedTicks
                0x0000000020000940        0x4 /home/vlab/FreeRTOS_Work/Presentation/STM32F4_Firmware/STM32F4-FreeRTOS/build/tasks.o
 .bss.uxSchedulerSuspended
                0x0000000020000944        0x4 /home/vlab/FreeRTOS_Work/Presentation/STM32F4_Firmware/STM32F4-FreeRTOS/build/tasks.o
 .bss.uxTaskNumber
                0x0000000020000948        0x4 /home/vlab/FreeRTOS_Work/Presentation/STM32F4_Firmware/STM32F4-FreeRTOS/build/tasks.o
 .bss.uxTopReadyPriority
                0x000000002000094c        0x4 /home/vlab/FreeRTOS_Work/Presentation/STM32F4_Firmware/STM32F4-FreeRTOS/build/tasks.o
 .bss.xDelayedTaskList1
                0x0000000020000950       0x14 /home/vlab/FreeRTOS_Work/Presentation/STM32F4_Firmware/STM32F4-FreeRTOS/build/tasks.o
 .bss.xDelayedTaskList2
                0x0000000020000964       0x14 /home/vlab/FreeRTOS_Work/Presentation/STM32F4_Firmware/STM32F4-FreeRTOS/build/tasks.o
 .bss.xNextTaskUnblockTime
                0x0000000020000978        0x4 /home/vlab/FreeRTOS_Work/Presentation/STM32F4_Firmware/STM32F4-FreeRTOS/build/tasks.o
 .bss.xNumOfOverflows
                0x000000002000097c        0x4 /home/vlab/FreeRTOS_Work/Presentation/STM32F4_Firmware/STM32F4-FreeRTOS/build/tasks.o
 .bss.xPendingReadyList
                0x0000000020000980       0x14 /home/vlab/FreeRTOS_Work/Presentation/STM32F4_Firmware/STM32F4-FreeRTOS/build/tasks.o
 .bss.xSchedulerRunning
                0x0000000020000994        0x4 /home/vlab/FreeRTOS_Work/Presentation/STM32F4_Firmware/STM32F4-FreeRTOS/build/tasks.o
 .bss.xSuspendedTaskList
                0x0000000020000998       0x14 /home/vlab/FreeRTOS_Work/Presentation/STM32F4_Firmware/STM32F4-FreeRTOS/build/tasks.o
 .bss.xTasksWaitingTermination
                0x00000000200009ac       0x14 /home/vlab/FreeRTOS_Work/Presentation/STM32F4_Firmware/STM32F4-FreeRTOS/build/tasks.o
 .bss.xTickCount
                0x00000000200009c0        0x4 /home/vlab/FreeRTOS_Work/Presentation/STM32F4_Firmware/STM32F4-FreeRTOS/build/tasks.o
 .bss.xYieldPending
                0x00000000200009c4        0x4 /home/vlab/FreeRTOS_Work/Presentation/STM32F4_Firmware/STM32F4-FreeRTOS/build/tasks.o
 .bss.pxCurrentTimerList
                0x00000000200009c8        0x4 /home/vlab/FreeRTOS_Work/Presentation/STM32F4_Firmware/STM32F4-FreeRTOS/build/timers.o
 .bss.pxOverflowTimerList
                0x00000000200009cc        0x4 /home/vlab/FreeRTOS_Work/Presentation/STM32F4_Firmware/STM32F4-FreeRTOS/build/timers.o
 .bss.ucStaticTimerQueueStorage.1
                0x00000000200009d0       0x78 /home/vlab/FreeRTOS_Work/Presentation/STM32F4_Firmware/STM32F4-FreeRTOS/build/timers.o
 .bss.xActiveTimerList1
                0x0000000020000a48       0x14 /home/vlab/FreeRTOS_Work/Presentation/STM32F4_Firmware/STM32F4-FreeRTOS/build/timers.o
 .bss.xActiveTimerList2
                0x0000000020000a5c       0x14 /home/vlab/FreeRTOS_Work/Presentation/STM32F4_Firmware/STM32F4-FreeRTOS/build/timers.o
 .bss.xLastTime.2
                0x0000000020000a70        0x4 /home/vlab/FreeRTOS_Work/Presentation/STM32F4_Firmware/STM32F4-FreeRTOS/build/timers.o
 .bss.xStaticTimerQueue.0
                0x0000000020000a74       0x50 /home/vlab/FreeRTOS_Work/Presentation/STM32F4_Firmware/STM32F4-FreeRTOS/build/timers.o
 .bss.xTimerQueue
                0x0000000020000ac4        0x4 /home/vlab/FreeRTOS_Work/Presentation/STM32F4_Firmware/STM32F4-FreeRTOS/build/timers.o
 .bss.xTimerTaskHandle
                0x0000000020000ac8        0x4 /home/vlab/FreeRTOS_Work/Presentation/STM32F4_Firmware/STM32F4-FreeRTOS/build/timers.o
 .bss.pxEnd     0x0000000020000acc        0x4 /home/vlab/FreeRTOS_Work/Presentation/STM32F4_Firmware/STM32F4-FreeRTOS/build/heap_4.o
 .bss.xBlockAllocatedBit
                0x0000000020000ad0        0x4 /home/vlab/FreeRTOS_Work/Presentation/STM32F4_Firmware/STM32F4-FreeRTOS/build/heap_4.o
 .bss.xFreeBytesRemaining
                0x0000000020000ad4        0x4 /home/vlab/FreeRTOS_Work/Presentation/STM32F4_Firmware/STM32F4-FreeRTOS/build/heap_4.o
 .bss.xStart    0x0000000020000ad8        0x8 /home/vlab/FreeRTOS_Work/Presentation/STM32F4_Firmware/STM32F4-FreeRTOS/build/heap_4.o
 .bss.__lock___atexit_recursive_mutex
                0x0000000020000ae0        0x1 /opt/gcc-arm/bin/../lib/gcc/arm-none-eabi/10.3.1/../../../../arm-none-eabi/lib/thumb/v7e-m+fp/hard/libc.a(lib_a-lock.o)
                0x0000000020000ae0                __lock___atexit_recursive_mutex
 *fill*         0x0000000020000ae1        0x3 
 .bss.__lock___malloc_recursive_mutex
                0x0000000020000ae4        0x1 /opt/gcc-arm/bin/../lib/gcc/arm-none-eabi/10.3.1/../../../../arm-none-eabi/lib/thumb/v7e-m+fp/hard/libc.a(lib_a-lock.o)
                0x0000000020000ae4                __lock___malloc_recursive_mutex
 *fill*         0x0000000020000ae5        0x3 
 .bss.__lock___sfp_recursive_mutex
                0x0000000020000ae8        0x1 /opt/gcc-arm/bin/../lib/gcc/arm-none-eabi/10.3.1/../../../../arm-none-eabi/lib/thumb/v7e-m+fp/hard/libc.a(lib_a-lock.o)
                0x0000000020000ae8                __lock___sfp_recursive_mutex
 *fill*         0x0000000020000ae9        0x3 
 .bss.__lock___sinit_recursive_mutex
                0x0000000020000aec        0x1 /opt/gcc-arm/bin/../lib/gcc/arm-none-eabi/10.3.1/../../../../arm-none-eabi/lib/thumb/v7e-m+fp/hard/libc.a(lib_a-lock.o)
                0x0000000020000aec                __lock___sinit_recursive_mutex
 *fill*         0x0000000020000aed        0x3 
 .bss.__malloc_current_mallinfo
                0x0000000020000af0       0x28 /opt/gcc-arm/bin/../lib/gcc/arm-none-eabi/10.3.1/../../../../arm-none-eabi/lib/thumb/v7e-m+fp/hard/libc.a(lib_a-mallocr.o)
                0x0000000020000af0                __malloc_current_mallinfo
 .bss.__malloc_max_sbrked_mem
                0x0000000020000b18        0x4 /opt/gcc-arm/bin/../lib/gcc/arm-none-eabi/10.3.1/../../../../arm-none-eabi/lib/thumb/v7e-m+fp/hard/libc.a(lib_a-mallocr.o)
                0x0000000020000b18                __malloc_max_sbrked_mem
 .bss.__malloc_max_total_mem
                0x0000000020000b1c        0x4 /opt/gcc-arm/bin/../lib/gcc/arm-none-eabi/10.3.1/../../../../arm-none-eabi/lib/thumb/v7e-m+fp/hard/libc.a(lib_a-mallocr.o)
                0x0000000020000b1c                __malloc_max_total_mem
 .bss.__malloc_top_pad
                0x0000000020000b20        0x4 /opt/gcc-arm/bin/../lib/gcc/arm-none-eabi/10.3.1/../../../../arm-none-eabi/lib/thumb/v7e-m+fp/hard/libc.a(lib_a-mallocr.o)
                0x0000000020000b20                __malloc_top_pad
 .bss.errno     0x0000000020000b24        0x4 /opt/gcc-arm/bin/../lib/gcc/arm-none-eabi/10.3.1/../../../../arm-none-eabi/lib/thumb/v7e-m+fp/hard/libc.a(lib_a-reent.o)
                0x0000000020000b24                errno
 *(COMMON)
                0x0000000020000b28                . = ALIGN (0x4)
                0x0000000020000b28                _ebss = .
                0x0000000020000b28                __bss_end__ = _ebss

._user_heap_stack
                0x0000000020000b28      0x600
                0x0000000020000b28                . = ALIGN (0x4)
                0x0000000020000b28                PROVIDE (end = .)
                [!provide]                        PROVIDE (_end = .)
                0x0000000020000d28                . = (. + _Min_Heap_Size)
 *fill*         0x0000000020000b28      0x200 
                0x0000000020001128                . = (. + _Min_Stack_Size)
 *fill*         0x0000000020000d28      0x400 
                0x0000000020001128                . = ALIGN (0x4)

/DISCARD/
 libc.a(*)
 libm.a(*)
 libgcc.a(*)

.ARM.attributes
                0x0000000000000000       0x30
 *(.ARM.attributes)
 .ARM.attributes
                0x0000000000000000       0x1e /opt/gcc-arm/bin/../lib/gcc/arm-none-eabi/10.3.1/thumb/v7e-m+fp/hard/crti.o
 .ARM.attributes
                0x000000000000001e       0x34 /opt/gcc-arm/bin/../lib/gcc/arm-none-eabi/10.3.1/thumb/v7e-m+fp/hard/crtbegin.o
 .ARM.attributes
                0x0000000000000052       0x34 /home/vlab/FreeRTOS_Work/Presentation/STM32F4_Firmware/STM32F4-FreeRTOS/build/stm32f4xx_it.o
 .ARM.attributes
                0x0000000000000086       0x34 /home/vlab/FreeRTOS_Work/Presentation/STM32F4_Firmware/STM32F4-FreeRTOS/build/system_stm32f4xx.o
 .ARM.attributes
                0x00000000000000ba       0x34 /home/vlab/FreeRTOS_Work/Presentation/STM32F4_Firmware/STM32F4-FreeRTOS/build/main.o
 .ARM.attributes
                0x00000000000000ee       0x34 /home/vlab/FreeRTOS_Work/Presentation/STM32F4_Firmware/STM32F4-FreeRTOS/build/syscalls.o
 .ARM.attributes
                0x0000000000000122       0x34 /home/vlab/FreeRTOS_Work/Presentation/STM32F4_Firmware/STM32F4-FreeRTOS/build/port.o
 .ARM.attributes
                0x0000000000000156       0x34 /home/vlab/FreeRTOS_Work/Presentation/STM32F4_Firmware/STM32F4-FreeRTOS/build/list.o
 .ARM.attributes
                0x000000000000018a       0x34 /home/vlab/FreeRTOS_Work/Presentation/STM32F4_Firmware/STM32F4-FreeRTOS/build/queue.o
 .ARM.attributes
                0x00000000000001be       0x34 /home/vlab/FreeRTOS_Work/Presentation/STM32F4_Firmware/STM32F4-FreeRTOS/build/tasks.o
 .ARM.attributes
                0x00000000000001f2       0x34 /home/vlab/FreeRTOS_Work/Presentation/STM32F4_Firmware/STM32F4-FreeRTOS/build/timers.o
 .ARM.attributes
                0x0000000000000226       0x34 /home/vlab/FreeRTOS_Work/Presentation/STM32F4_Firmware/STM32F4-FreeRTOS/build/heap_4.o
 .ARM.attributes
                0x000000000000025a       0x34 /home/vlab/FreeRTOS_Work/Presentation/STM32F4_Firmware/STM32F4-FreeRTOS/build/misc.o
 .ARM.attributes
                0x000000000000028e       0x34 /home/vlab/FreeRTOS_Work/Presentation/STM32F4_Firmware/STM32F4-FreeRTOS/build/stm32f4xx_usart.o
 .ARM.attributes
                0x00000000000002c2       0x34 /home/vlab/FreeRTOS_Work/Presentation/STM32F4_Firmware/STM32F4-FreeRTOS/build/stm32f4xx_rcc.o
 .ARM.attributes
                0x00000000000002f6       0x34 /home/vlab/FreeRTOS_Work/Presentation/STM32F4_Firmware/STM32F4-FreeRTOS/build/stm32f4xx_gpio.o
 .ARM.attributes
                0x000000000000032a       0x21 /home/vlab/FreeRTOS_Work/Presentation/STM32F4_Firmware/STM32F4-FreeRTOS/build/startup_stm32f4xx.o
 .ARM.attributes
                0x000000000000034b       0x34 /opt/gcc-arm/bin/../lib/gcc/arm-none-eabi/10.3.1/../../../../arm-none-eabi/lib/thumb/v7e-m+fp/hard/libc.a(lib_a-errno.o)
 .ARM.attributes
                0x000000000000037f       0x34 /opt/gcc-arm/bin/../lib/gcc/arm-none-eabi/10.3.1/../../../../arm-none-eabi/lib/thumb/v7e-m+fp/hard/libc.a(lib_a-impure.o)
 .ARM.attributes
                0x00000000000003b3       0x34 /opt/gcc-arm/bin/../lib/gcc/arm-none-eabi/10.3.1/../../../../arm-none-eabi/lib/thumb/v7e-m+fp/hard/libc.a(lib_a-init.o)
 .ARM.attributes
                0x00000000000003e7       0x1c /opt/gcc-arm/bin/../lib/gcc/arm-none-eabi/10.3.1/../../../../arm-none-eabi/lib/thumb/v7e-m+fp/hard/libc.a(lib_a-memcpy.o)
 .ARM.attributes
                0x0000000000000403       0x34 /opt/gcc-arm/bin/../lib/gcc/arm-none-eabi/10.3.1/../../../../arm-none-eabi/lib/thumb/v7e-m+fp/hard/libc.a(lib_a-memset.o)
 .ARM.attributes
                0x0000000000000437       0x34 /opt/gcc-arm/bin/../lib/gcc/arm-none-eabi/10.3.1/../../../../arm-none-eabi/lib/thumb/v7e-m+fp/hard/libc.a(lib_a-puts.o)
 .ARM.attributes
                0x000000000000046b       0x1c /opt/gcc-arm/bin/../lib/gcc/arm-none-eabi/10.3.1/../../../../arm-none-eabi/lib/thumb/v7e-m+fp/hard/libc.a(lib_a-strlen.o)
 .ARM.attributes
                0x0000000000000487       0x34 /opt/gcc-arm/bin/../lib/gcc/arm-none-eabi/10.3.1/../../../../arm-none-eabi/lib/thumb/v7e-m+fp/hard/libc.a(lib_a-__call_atexit.o)
 .ARM.attributes
                0x00000000000004bb       0x34 /opt/gcc-arm/bin/../lib/gcc/arm-none-eabi/10.3.1/../../../../arm-none-eabi/lib/thumb/v7e-m+fp/hard/libc.a(lib_a-atexit.o)
 .ARM.attributes
                0x00000000000004ef       0x34 /opt/gcc-arm/bin/../lib/gcc/arm-none-eabi/10.3.1/../../../../arm-none-eabi/lib/thumb/v7e-m+fp/hard/libc.a(lib_a-findfp.o)
 .ARM.attributes
                0x0000000000000523       0x34 /opt/gcc-arm/bin/../lib/gcc/arm-none-eabi/10.3.1/../../../../arm-none-eabi/lib/thumb/v7e-m+fp/hard/libc.a(lib_a-fini.o)
 .ARM.attributes
                0x0000000000000557       0x34 /opt/gcc-arm/bin/../lib/gcc/arm-none-eabi/10.3.1/../../../../arm-none-eabi/lib/thumb/v7e-m+fp/hard/libc.a(lib_a-fvwrite.o)
 .ARM.attributes
                0x000000000000058b       0x34 /opt/gcc-arm/bin/../lib/gcc/arm-none-eabi/10.3.1/../../../../arm-none-eabi/lib/thumb/v7e-m+fp/hard/libc.a(lib_a-fwalk.o)
 .ARM.attributes
                0x00000000000005bf       0x34 /opt/gcc-arm/bin/../lib/gcc/arm-none-eabi/10.3.1/../../../../arm-none-eabi/lib/thumb/v7e-m+fp/hard/libc.a(lib_a-lock.o)
 .ARM.attributes
                0x00000000000005f3       0x34 /opt/gcc-arm/bin/../lib/gcc/arm-none-eabi/10.3.1/../../../../arm-none-eabi/lib/thumb/v7e-m+fp/hard/libc.a(lib_a-mallocr.o)
 .ARM.attributes
                0x0000000000000627       0x1c /opt/gcc-arm/bin/../lib/gcc/arm-none-eabi/10.3.1/../../../../arm-none-eabi/lib/thumb/v7e-m+fp/hard/libc.a(lib_a-memchr.o)
 .ARM.attributes
                0x0000000000000643       0x34 /opt/gcc-arm/bin/../lib/gcc/arm-none-eabi/10.3.1/../../../../arm-none-eabi/lib/thumb/v7e-m+fp/hard/libc.a(lib_a-memmove.o)
 .ARM.attributes
                0x0000000000000677       0x34 /opt/gcc-arm/bin/../lib/gcc/arm-none-eabi/10.3.1/../../../../arm-none-eabi/lib/thumb/v7e-m+fp/hard/libc.a(lib_a-mlock.o)
 .ARM.attributes
                0x00000000000006ab       0x34 /opt/gcc-arm/bin/../lib/gcc/arm-none-eabi/10.3.1/../../../../arm-none-eabi/lib/thumb/v7e-m+fp/hard/libc.a(lib_a-reallocr.o)
 .ARM.attributes
                0x00000000000006df       0x34 /opt/gcc-arm/bin/../lib/gcc/arm-none-eabi/10.3.1/../../../../arm-none-eabi/lib/thumb/v7e-m+fp/hard/libc.a(lib_a-sbrkr.o)
 .ARM.attributes
                0x0000000000000713       0x34 /opt/gcc-arm/bin/../lib/gcc/arm-none-eabi/10.3.1/../../../../arm-none-eabi/lib/thumb/v7e-m+fp/hard/libc.a(lib_a-stdio.o)
 .ARM.attributes
                0x0000000000000747       0x34 /opt/gcc-arm/bin/../lib/gcc/arm-none-eabi/10.3.1/../../../../arm-none-eabi/lib/thumb/v7e-m+fp/hard/libc.a(lib_a-writer.o)
 .ARM.attributes
                0x000000000000077b       0x34 /opt/gcc-arm/bin/../lib/gcc/arm-none-eabi/10.3.1/../../../../arm-none-eabi/lib/thumb/v7e-m+fp/hard/libc.a(lib_a-wsetup.o)
 .ARM.attributes
                0x00000000000007af       0x34 /opt/gcc-arm/bin/../lib/gcc/arm-none-eabi/10.3.1/../../../../arm-none-eabi/lib/thumb/v7e-m+fp/hard/libc.a(lib_a-__atexit.o)
 .ARM.attributes
                0x00000000000007e3       0x34 /opt/gcc-arm/bin/../lib/gcc/arm-none-eabi/10.3.1/../../../../arm-none-eabi/lib/thumb/v7e-m+fp/hard/libc.a(lib_a-closer.o)
 .ARM.attributes
                0x0000000000000817       0x34 /opt/gcc-arm/bin/../lib/gcc/arm-none-eabi/10.3.1/../../../../arm-none-eabi/lib/thumb/v7e-m+fp/hard/libc.a(lib_a-fclose.o)
 .ARM.attributes
                0x000000000000084b       0x34 /opt/gcc-arm/bin/../lib/gcc/arm-none-eabi/10.3.1/../../../../arm-none-eabi/lib/thumb/v7e-m+fp/hard/libc.a(lib_a-fflush.o)
 .ARM.attributes
                0x000000000000087f       0x34 /opt/gcc-arm/bin/../lib/gcc/arm-none-eabi/10.3.1/../../../../arm-none-eabi/lib/thumb/v7e-m+fp/hard/libc.a(lib_a-freer.o)
 .ARM.attributes
                0x00000000000008b3       0x34 /opt/gcc-arm/bin/../lib/gcc/arm-none-eabi/10.3.1/../../../../arm-none-eabi/lib/thumb/v7e-m+fp/hard/libc.a(lib_a-lseekr.o)
 .ARM.attributes
                0x00000000000008e7       0x34 /opt/gcc-arm/bin/../lib/gcc/arm-none-eabi/10.3.1/../../../../arm-none-eabi/lib/thumb/v7e-m+fp/hard/libc.a(lib_a-makebuf.o)
 .ARM.attributes
                0x000000000000091b       0x34 /opt/gcc-arm/bin/../lib/gcc/arm-none-eabi/10.3.1/../../../../arm-none-eabi/lib/thumb/v7e-m+fp/hard/libc.a(lib_a-readr.o)
 .ARM.attributes
                0x000000000000094f       0x34 /opt/gcc-arm/bin/../lib/gcc/arm-none-eabi/10.3.1/../../../../arm-none-eabi/lib/thumb/v7e-m+fp/hard/libc.a(lib_a-reent.o)
 .ARM.attributes
                0x0000000000000983       0x34 /opt/gcc-arm/bin/../lib/gcc/arm-none-eabi/10.3.1/../../../../arm-none-eabi/lib/thumb/v7e-m+fp/hard/libc.a(lib_a-fstatr.o)
 .ARM.attributes
                0x00000000000009b7       0x34 /opt/gcc-arm/bin/../lib/gcc/arm-none-eabi/10.3.1/../../../../arm-none-eabi/lib/thumb/v7e-m+fp/hard/libc.a(lib_a-isattyr.o)
 .ARM.attributes
                0x00000000000009eb       0x1e /opt/gcc-arm/bin/../lib/gcc/arm-none-eabi/10.3.1/thumb/v7e-m+fp/hard/crtn.o
OUTPUT(/home/vlab/FreeRTOS_Work/Presentation/STM32F4_Firmware/STM32F4-FreeRTOS/binary/FreeRTOS.elf elf32-littlearm)
LOAD linker stubs
LOAD /opt/gcc-arm/bin/../lib/gcc/arm-none-eabi/10.3.1/../../../../arm-none-eabi/lib/thumb/v7e-m+fp/hard/libc.a
LOAD /opt/gcc-arm/bin/../lib/gcc/arm-none-eabi/10.3.1/../../../../arm-none-eabi/lib/thumb/v7e-m+fp/hard/libm.a
LOAD /opt/gcc-arm/bin/../lib/gcc/arm-none-eabi/10.3.1/thumb/v7e-m+fp/hard/libgcc.a

.debug_info     0x0000000000000000     0xdb17
 .debug_info    0x0000000000000000      0x18e /home/vlab/FreeRTOS_Work/Presentation/STM32F4_Firmware/STM32F4-FreeRTOS/build/stm32f4xx_it.o
 .debug_info    0x000000000000018e      0x559 /home/vlab/FreeRTOS_Work/Presentation/STM32F4_Firmware/STM32F4-FreeRTOS/build/system_stm32f4xx.o
 .debug_info    0x00000000000006e7      0x9f3 /home/vlab/FreeRTOS_Work/Presentation/STM32F4_Firmware/STM32F4-FreeRTOS/build/main.o
 .debug_info    0x00000000000010da      0x6c9 /home/vlab/FreeRTOS_Work/Presentation/STM32F4_Firmware/STM32F4-FreeRTOS/build/syscalls.o
 .debug_info    0x00000000000017a3      0x547 /home/vlab/FreeRTOS_Work/Presentation/STM32F4_Firmware/STM32F4-FreeRTOS/build/port.o
 .debug_info    0x0000000000001cea      0x2ce /home/vlab/FreeRTOS_Work/Presentation/STM32F4_Firmware/STM32F4-FreeRTOS/build/list.o
 .debug_info    0x0000000000001fb8     0x3063 /home/vlab/FreeRTOS_Work/Presentation/STM32F4_Firmware/STM32F4-FreeRTOS/build/queue.o
 .debug_info    0x000000000000501b     0x3d30 /home/vlab/FreeRTOS_Work/Presentation/STM32F4_Firmware/STM32F4-FreeRTOS/build/tasks.o
 .debug_info    0x0000000000008d4b     0x1d46 /home/vlab/FreeRTOS_Work/Presentation/STM32F4_Firmware/STM32F4-FreeRTOS/build/timers.o
 .debug_info    0x000000000000aa91      0x4f9 /home/vlab/FreeRTOS_Work/Presentation/STM32F4_Firmware/STM32F4-FreeRTOS/build/heap_4.o
 .debug_info    0x000000000000af8a      0x582 /home/vlab/FreeRTOS_Work/Presentation/STM32F4_Firmware/STM32F4-FreeRTOS/build/misc.o
 .debug_info    0x000000000000b50c      0xc9c /home/vlab/FreeRTOS_Work/Presentation/STM32F4_Firmware/STM32F4-FreeRTOS/build/stm32f4xx_usart.o
 .debug_info    0x000000000000c1a8     0x10b8 /home/vlab/FreeRTOS_Work/Presentation/STM32F4_Firmware/STM32F4-FreeRTOS/build/stm32f4xx_rcc.o
 .debug_info    0x000000000000d260      0x8b7 /home/vlab/FreeRTOS_Work/Presentation/STM32F4_Firmware/STM32F4-FreeRTOS/build/stm32f4xx_gpio.o

.debug_abbrev   0x0000000000000000     0x20c7
 .debug_abbrev  0x0000000000000000       0xd5 /home/vlab/FreeRTOS_Work/Presentation/STM32F4_Firmware/STM32F4-FreeRTOS/build/stm32f4xx_it.o
 .debug_abbrev  0x00000000000000d5      0x12c /home/vlab/FreeRTOS_Work/Presentation/STM32F4_Firmware/STM32F4-FreeRTOS/build/system_stm32f4xx.o
 .debug_abbrev  0x0000000000000201      0x2b2 /home/vlab/FreeRTOS_Work/Presentation/STM32F4_Firmware/STM32F4-FreeRTOS/build/main.o
 .debug_abbrev  0x00000000000004b3      0x1ec /home/vlab/FreeRTOS_Work/Presentation/STM32F4_Firmware/STM32F4-FreeRTOS/build/syscalls.o
 .debug_abbrev  0x000000000000069f      0x253 /home/vlab/FreeRTOS_Work/Presentation/STM32F4_Firmware/STM32F4-FreeRTOS/build/port.o
 .debug_abbrev  0x00000000000008f2       0xff /home/vlab/FreeRTOS_Work/Presentation/STM32F4_Firmware/STM32F4-FreeRTOS/build/list.o
 .debug_abbrev  0x00000000000009f1      0x401 /home/vlab/FreeRTOS_Work/Presentation/STM32F4_Firmware/STM32F4-FreeRTOS/build/queue.o
 .debug_abbrev  0x0000000000000df2      0x49e /home/vlab/FreeRTOS_Work/Presentation/STM32F4_Firmware/STM32F4-FreeRTOS/build/tasks.o
 .debug_abbrev  0x0000000000001290      0x37d /home/vlab/FreeRTOS_Work/Presentation/STM32F4_Firmware/STM32F4-FreeRTOS/build/timers.o
 .debug_abbrev  0x000000000000160d      0x2a8 /home/vlab/FreeRTOS_Work/Presentation/STM32F4_Firmware/STM32F4-FreeRTOS/build/heap_4.o
 .debug_abbrev  0x00000000000018b5      0x187 /home/vlab/FreeRTOS_Work/Presentation/STM32F4_Firmware/STM32F4-FreeRTOS/build/misc.o
 .debug_abbrev  0x0000000000001a3c      0x1eb /home/vlab/FreeRTOS_Work/Presentation/STM32F4_Firmware/STM32F4-FreeRTOS/build/stm32f4xx_usart.o
 .debug_abbrev  0x0000000000001c27      0x27f /home/vlab/FreeRTOS_Work/Presentation/STM32F4_Firmware/STM32F4-FreeRTOS/build/stm32f4xx_rcc.o
 .debug_abbrev  0x0000000000001ea6      0x221 /home/vlab/FreeRTOS_Work/Presentation/STM32F4_Firmware/STM32F4-FreeRTOS/build/stm32f4xx_gpio.o

.debug_aranges  0x0000000000000000      0x8e8
 .debug_aranges
                0x0000000000000000       0x48 /home/vlab/FreeRTOS_Work/Presentation/STM32F4_Firmware/STM32F4-FreeRTOS/build/stm32f4xx_it.o
 .debug_aranges
                0x0000000000000048       0x28 /home/vlab/FreeRTOS_Work/Presentation/STM32F4_Firmware/STM32F4-FreeRTOS/build/system_stm32f4xx.o
 .debug_aranges
                0x0000000000000070       0x58 /home/vlab/FreeRTOS_Work/Presentation/STM32F4_Firmware/STM32F4-FreeRTOS/build/main.o
 .debug_aranges
                0x00000000000000c8       0x68 /home/vlab/FreeRTOS_Work/Presentation/STM32F4_Firmware/STM32F4-FreeRTOS/build/syscalls.o
 .debug_aranges
                0x0000000000000130       0x80 /home/vlab/FreeRTOS_Work/Presentation/STM32F4_Firmware/STM32F4-FreeRTOS/build/port.o
 .debug_aranges
                0x00000000000001b0       0x40 /home/vlab/FreeRTOS_Work/Presentation/STM32F4_Firmware/STM32F4-FreeRTOS/build/list.o
 .debug_aranges
                0x00000000000001f0      0x100 /home/vlab/FreeRTOS_Work/Presentation/STM32F4_Firmware/STM32F4-FreeRTOS/build/queue.o
 .debug_aranges
                0x00000000000002f0      0x1b0 /home/vlab/FreeRTOS_Work/Presentation/STM32F4_Firmware/STM32F4-FreeRTOS/build/tasks.o
 .debug_aranges
                0x00000000000004a0       0x80 /home/vlab/FreeRTOS_Work/Presentation/STM32F4_Firmware/STM32F4-FreeRTOS/build/timers.o
 .debug_aranges
                0x0000000000000520       0x40 /home/vlab/FreeRTOS_Work/Presentation/STM32F4_Firmware/STM32F4-FreeRTOS/build/heap_4.o
 .debug_aranges
                0x0000000000000560       0x40 /home/vlab/FreeRTOS_Work/Presentation/STM32F4_Firmware/STM32F4-FreeRTOS/build/misc.o
 .debug_aranges
                0x00000000000005a0      0x100 /home/vlab/FreeRTOS_Work/Presentation/STM32F4_Firmware/STM32F4-FreeRTOS/build/stm32f4xx_usart.o
 .debug_aranges
                0x00000000000006a0      0x1c0 /home/vlab/FreeRTOS_Work/Presentation/STM32F4_Firmware/STM32F4-FreeRTOS/build/stm32f4xx_rcc.o
 .debug_aranges
                0x0000000000000860       0x88 /home/vlab/FreeRTOS_Work/Presentation/STM32F4_Firmware/STM32F4-FreeRTOS/build/stm32f4xx_gpio.o

.debug_ranges   0x0000000000000000     0x15f8
 .debug_ranges  0x0000000000000000       0x38 /home/vlab/FreeRTOS_Work/Presentation/STM32F4_Firmware/STM32F4-FreeRTOS/build/stm32f4xx_it.o
 .debug_ranges  0x0000000000000038       0x18 /home/vlab/FreeRTOS_Work/Presentation/STM32F4_Firmware/STM32F4-FreeRTOS/build/system_stm32f4xx.o
 .debug_ranges  0x0000000000000050       0x60 /home/vlab/FreeRTOS_Work/Presentation/STM32F4_Firmware/STM32F4-FreeRTOS/build/main.o
 .debug_ranges  0x00000000000000b0       0x58 /home/vlab/FreeRTOS_Work/Presentation/STM32F4_Firmware/STM32F4-FreeRTOS/build/syscalls.o
 .debug_ranges  0x0000000000000108       0xb0 /home/vlab/FreeRTOS_Work/Presentation/STM32F4_Firmware/STM32F4-FreeRTOS/build/port.o
 .debug_ranges  0x00000000000001b8       0x30 /home/vlab/FreeRTOS_Work/Presentation/STM32F4_Firmware/STM32F4-FreeRTOS/build/list.o
 .debug_ranges  0x00000000000001e8      0x560 /home/vlab/FreeRTOS_Work/Presentation/STM32F4_Firmware/STM32F4-FreeRTOS/build/queue.o
 .debug_ranges  0x0000000000000748      0x798 /home/vlab/FreeRTOS_Work/Presentation/STM32F4_Firmware/STM32F4-FreeRTOS/build/tasks.o
 .debug_ranges  0x0000000000000ee0      0x340 /home/vlab/FreeRTOS_Work/Presentation/STM32F4_Firmware/STM32F4-FreeRTOS/build/timers.o
 .debug_ranges  0x0000000000001220       0x70 /home/vlab/FreeRTOS_Work/Presentation/STM32F4_Firmware/STM32F4-FreeRTOS/build/heap_4.o
 .debug_ranges  0x0000000000001290       0x30 /home/vlab/FreeRTOS_Work/Presentation/STM32F4_Firmware/STM32F4-FreeRTOS/build/misc.o
 .debug_ranges  0x00000000000012c0       0xf0 /home/vlab/FreeRTOS_Work/Presentation/STM32F4_Firmware/STM32F4-FreeRTOS/build/stm32f4xx_usart.o
 .debug_ranges  0x00000000000013b0      0x1d0 /home/vlab/FreeRTOS_Work/Presentation/STM32F4_Firmware/STM32F4-FreeRTOS/build/stm32f4xx_rcc.o
 .debug_ranges  0x0000000000001580       0x78 /home/vlab/FreeRTOS_Work/Presentation/STM32F4_Firmware/STM32F4-FreeRTOS/build/stm32f4xx_gpio.o

.debug_line     0x0000000000000000     0xb3d6
 .debug_line    0x0000000000000000      0x201 /home/vlab/FreeRTOS_Work/Presentation/STM32F4_Firmware/STM32F4-FreeRTOS/build/stm32f4xx_it.o
 .debug_line    0x0000000000000201      0x306 /home/vlab/FreeRTOS_Work/Presentation/STM32F4_Firmware/STM32F4-FreeRTOS/build/system_stm32f4xx.o
 .debug_line    0x0000000000000507      0x50d /home/vlab/FreeRTOS_Work/Presentation/STM32F4_Firmware/STM32F4-FreeRTOS/build/main.o
 .debug_line    0x0000000000000a14      0x43c /home/vlab/FreeRTOS_Work/Presentation/STM32F4_Firmware/STM32F4-FreeRTOS/build/syscalls.o
 .debug_line    0x0000000000000e50      0x7ba /home/vlab/FreeRTOS_Work/Presentation/STM32F4_Firmware/STM32F4-FreeRTOS/build/port.o
 .debug_line    0x000000000000160a      0x399 /home/vlab/FreeRTOS_Work/Presentation/STM32F4_Firmware/STM32F4-FreeRTOS/build/list.o
 .debug_line    0x00000000000019a3     0x297d /home/vlab/FreeRTOS_Work/Presentation/STM32F4_Firmware/STM32F4-FreeRTOS/build/queue.o
 .debug_line    0x0000000000004320     0x37b8 /home/vlab/FreeRTOS_Work/Presentation/STM32F4_Firmware/STM32F4-FreeRTOS/build/tasks.o
 .debug_line    0x0000000000007ad8      0xfe1 /home/vlab/FreeRTOS_Work/Presentation/STM32F4_Firmware/STM32F4-FreeRTOS/build/timers.o
 .debug_line    0x0000000000008ab9      0x71d /home/vlab/FreeRTOS_Work/Presentation/STM32F4_Firmware/STM32F4-FreeRTOS/build/heap_4.o
 .debug_line    0x00000000000091d6      0x3c8 /home/vlab/FreeRTOS_Work/Presentation/STM32F4_Firmware/STM32F4-FreeRTOS/build/misc.o
 .debug_line    0x000000000000959e      0x9f6 /home/vlab/FreeRTOS_Work/Presentation/STM32F4_Firmware/STM32F4-FreeRTOS/build/stm32f4xx_usart.o
 .debug_line    0x0000000000009f94      0xde4 /home/vlab/FreeRTOS_Work/Presentation/STM32F4_Firmware/STM32F4-FreeRTOS/build/stm32f4xx_rcc.o
 .debug_line    0x000000000000ad78      0x65e /home/vlab/FreeRTOS_Work/Presentation/STM32F4_Firmware/STM32F4-FreeRTOS/build/stm32f4xx_gpio.o

.debug_str      0x0000000000000000     0x3835
 .debug_str     0x0000000000000000      0x26b /home/vlab/FreeRTOS_Work/Presentation/STM32F4_Firmware/STM32F4-FreeRTOS/build/stm32f4xx_it.o
                                        0x2a8 (size before relaxing)
 .debug_str     0x000000000000026b      0x238 /home/vlab/FreeRTOS_Work/Presentation/STM32F4_Firmware/STM32F4-FreeRTOS/build/system_stm32f4xx.o
                                        0x408 (size before relaxing)
 .debug_str     0x00000000000004a3      0x5bc /home/vlab/FreeRTOS_Work/Presentation/STM32F4_Firmware/STM32F4-FreeRTOS/build/main.o
                                        0x7e4 (size before relaxing)
 .debug_str     0x0000000000000a5f      0x201 /home/vlab/FreeRTOS_Work/Presentation/STM32F4_Firmware/STM32F4-FreeRTOS/build/syscalls.o
                                        0x489 (size before relaxing)
 .debug_str     0x0000000000000c60      0x27c /home/vlab/FreeRTOS_Work/Presentation/STM32F4_Firmware/STM32F4-FreeRTOS/build/port.o
                                        0x4b2 (size before relaxing)
 .debug_str     0x0000000000000edc      0x15f /home/vlab/FreeRTOS_Work/Presentation/STM32F4_Firmware/STM32F4-FreeRTOS/build/list.o
                                        0x351 (size before relaxing)
 .debug_str     0x000000000000103b      0x841 /home/vlab/FreeRTOS_Work/Presentation/STM32F4_Firmware/STM32F4-FreeRTOS/build/queue.o
                                        0xbcf (size before relaxing)
 .debug_str     0x000000000000187c      0xaae /home/vlab/FreeRTOS_Work/Presentation/STM32F4_Firmware/STM32F4-FreeRTOS/build/tasks.o
                                       0x1291 (size before relaxing)
 .debug_str     0x000000000000232a      0x4ce /home/vlab/FreeRTOS_Work/Presentation/STM32F4_Firmware/STM32F4-FreeRTOS/build/timers.o
                                        0xb64 (size before relaxing)
 .debug_str     0x00000000000027f8      0x1fe /home/vlab/FreeRTOS_Work/Presentation/STM32F4_Firmware/STM32F4-FreeRTOS/build/heap_4.o
                                        0x457 (size before relaxing)
 .debug_str     0x00000000000029f6      0x20a /home/vlab/FreeRTOS_Work/Presentation/STM32F4_Firmware/STM32F4-FreeRTOS/build/misc.o
                                        0x47f (size before relaxing)
 .debug_str     0x0000000000002c00      0x457 /home/vlab/FreeRTOS_Work/Presentation/STM32F4_Firmware/STM32F4-FreeRTOS/build/stm32f4xx_usart.o
                                        0x780 (size before relaxing)
 .debug_str     0x0000000000003057      0x62e /home/vlab/FreeRTOS_Work/Presentation/STM32F4_Firmware/STM32F4-FreeRTOS/build/stm32f4xx_rcc.o
                                        0xa73 (size before relaxing)
 .debug_str     0x0000000000003685      0x1b0 /home/vlab/FreeRTOS_Work/Presentation/STM32F4_Firmware/STM32F4-FreeRTOS/build/stm32f4xx_gpio.o
                                        0x568 (size before relaxing)

.comment        0x0000000000000000       0x49
 .comment       0x0000000000000000       0x49 /home/vlab/FreeRTOS_Work/Presentation/STM32F4_Firmware/STM32F4-FreeRTOS/build/stm32f4xx_it.o
                                         0x4a (size before relaxing)
 .comment       0x0000000000000049       0x4a /home/vlab/FreeRTOS_Work/Presentation/STM32F4_Firmware/STM32F4-FreeRTOS/build/system_stm32f4xx.o
 .comment       0x0000000000000049       0x4a /home/vlab/FreeRTOS_Work/Presentation/STM32F4_Firmware/STM32F4-FreeRTOS/build/main.o
 .comment       0x0000000000000049       0x4a /home/vlab/FreeRTOS_Work/Presentation/STM32F4_Firmware/STM32F4-FreeRTOS/build/syscalls.o
 .comment       0x0000000000000049       0x4a /home/vlab/FreeRTOS_Work/Presentation/STM32F4_Firmware/STM32F4-FreeRTOS/build/port.o
 .comment       0x0000000000000049       0x4a /home/vlab/FreeRTOS_Work/Presentation/STM32F4_Firmware/STM32F4-FreeRTOS/build/list.o
 .comment       0x0000000000000049       0x4a /home/vlab/FreeRTOS_Work/Presentation/STM32F4_Firmware/STM32F4-FreeRTOS/build/queue.o
 .comment       0x0000000000000049       0x4a /home/vlab/FreeRTOS_Work/Presentation/STM32F4_Firmware/STM32F4-FreeRTOS/build/tasks.o
 .comment       0x0000000000000049       0x4a /home/vlab/FreeRTOS_Work/Presentation/STM32F4_Firmware/STM32F4-FreeRTOS/build/timers.o
 .comment       0x0000000000000049       0x4a /home/vlab/FreeRTOS_Work/Presentation/STM32F4_Firmware/STM32F4-FreeRTOS/build/heap_4.o
 .comment       0x0000000000000049       0x4a /home/vlab/FreeRTOS_Work/Presentation/STM32F4_Firmware/STM32F4-FreeRTOS/build/misc.o
 .comment       0x0000000000000049       0x4a /home/vlab/FreeRTOS_Work/Presentation/STM32F4_Firmware/STM32F4-FreeRTOS/build/stm32f4xx_usart.o
 .comment       0x0000000000000049       0x4a /home/vlab/FreeRTOS_Work/Presentation/STM32F4_Firmware/STM32F4-FreeRTOS/build/stm32f4xx_rcc.o
 .comment       0x0000000000000049       0x4a /home/vlab/FreeRTOS_Work/Presentation/STM32F4_Firmware/STM32F4-FreeRTOS/build/stm32f4xx_gpio.o

.debug_frame    0x0000000000000000     0x21f8
 .debug_frame   0x0000000000000000       0x90 /home/vlab/FreeRTOS_Work/Presentation/STM32F4_Firmware/STM32F4-FreeRTOS/build/stm32f4xx_it.o
 .debug_frame   0x0000000000000090       0x3c /home/vlab/FreeRTOS_Work/Presentation/STM32F4_Firmware/STM32F4-FreeRTOS/build/system_stm32f4xx.o
 .debug_frame   0x00000000000000cc       0xe0 /home/vlab/FreeRTOS_Work/Presentation/STM32F4_Firmware/STM32F4-FreeRTOS/build/main.o
 .debug_frame   0x00000000000001ac       0xe8 /home/vlab/FreeRTOS_Work/Presentation/STM32F4_Firmware/STM32F4-FreeRTOS/build/syscalls.o
 .debug_frame   0x0000000000000294      0x104 /home/vlab/FreeRTOS_Work/Presentation/STM32F4_Firmware/STM32F4-FreeRTOS/build/port.o
 .debug_frame   0x0000000000000398       0x88 /home/vlab/FreeRTOS_Work/Presentation/STM32F4_Firmware/STM32F4-FreeRTOS/build/list.o
 .debug_frame   0x0000000000000420      0x370 /home/vlab/FreeRTOS_Work/Presentation/STM32F4_Firmware/STM32F4-FreeRTOS/build/queue.o
 .debug_frame   0x0000000000000790      0x704 /home/vlab/FreeRTOS_Work/Presentation/STM32F4_Firmware/STM32F4-FreeRTOS/build/tasks.o
 .debug_frame   0x0000000000000e94      0x1d8 /home/vlab/FreeRTOS_Work/Presentation/STM32F4_Firmware/STM32F4-FreeRTOS/build/timers.o
 .debug_frame   0x000000000000106c       0x88 /home/vlab/FreeRTOS_Work/Presentation/STM32F4_Firmware/STM32F4-FreeRTOS/build/heap_4.o
 .debug_frame   0x00000000000010f4       0x60 /home/vlab/FreeRTOS_Work/Presentation/STM32F4_Firmware/STM32F4-FreeRTOS/build/misc.o
 .debug_frame   0x0000000000001154      0x244 /home/vlab/FreeRTOS_Work/Presentation/STM32F4_Firmware/STM32F4-FreeRTOS/build/stm32f4xx_usart.o
 .debug_frame   0x0000000000001398      0x38c /home/vlab/FreeRTOS_Work/Presentation/STM32F4_Firmware/STM32F4-FreeRTOS/build/stm32f4xx_rcc.o
 .debug_frame   0x0000000000001724      0x168 /home/vlab/FreeRTOS_Work/Presentation/STM32F4_Firmware/STM32F4-FreeRTOS/build/stm32f4xx_gpio.o
 .debug_frame   0x000000000000188c       0x20 /opt/gcc-arm/bin/../lib/gcc/arm-none-eabi/10.3.1/../../../../arm-none-eabi/lib/thumb/v7e-m+fp/hard/libc.a(lib_a-errno.o)
 .debug_frame   0x00000000000018ac       0x2c /opt/gcc-arm/bin/../lib/gcc/arm-none-eabi/10.3.1/../../../../arm-none-eabi/lib/thumb/v7e-m+fp/hard/libc.a(lib_a-init.o)
 .debug_frame   0x00000000000018d8       0x2c /opt/gcc-arm/bin/../lib/gcc/arm-none-eabi/10.3.1/../../../../arm-none-eabi/lib/thumb/v7e-m+fp/hard/libc.a(lib_a-memset.o)
 .debug_frame   0x0000000000001904       0x4c /opt/gcc-arm/bin/../lib/gcc/arm-none-eabi/10.3.1/../../../../arm-none-eabi/lib/thumb/v7e-m+fp/hard/libc.a(lib_a-puts.o)
 .debug_frame   0x0000000000001950       0x68 /opt/gcc-arm/bin/../lib/gcc/arm-none-eabi/10.3.1/../../../../arm-none-eabi/lib/thumb/v7e-m+fp/hard/libc.a(lib_a-__call_atexit.o)
 .debug_frame   0x00000000000019b8       0x20 /opt/gcc-arm/bin/../lib/gcc/arm-none-eabi/10.3.1/../../../../arm-none-eabi/lib/thumb/v7e-m+fp/hard/libc.a(lib_a-atexit.o)
 .debug_frame   0x00000000000019d8      0x154 /opt/gcc-arm/bin/../lib/gcc/arm-none-eabi/10.3.1/../../../../arm-none-eabi/lib/thumb/v7e-m+fp/hard/libc.a(lib_a-findfp.o)
 .debug_frame   0x0000000000001b2c       0x34 /opt/gcc-arm/bin/../lib/gcc/arm-none-eabi/10.3.1/../../../../arm-none-eabi/lib/thumb/v7e-m+fp/hard/libc.a(lib_a-fini.o)
 .debug_frame   0x0000000000001b60       0x64 /opt/gcc-arm/bin/../lib/gcc/arm-none-eabi/10.3.1/../../../../arm-none-eabi/lib/thumb/v7e-m+fp/hard/libc.a(lib_a-fvwrite.o)
 .debug_frame   0x0000000000001bc4       0x54 /opt/gcc-arm/bin/../lib/gcc/arm-none-eabi/10.3.1/../../../../arm-none-eabi/lib/thumb/v7e-m+fp/hard/libc.a(lib_a-fwalk.o)
 .debug_frame   0x0000000000001c18       0xb0 /opt/gcc-arm/bin/../lib/gcc/arm-none-eabi/10.3.1/../../../../arm-none-eabi/lib/thumb/v7e-m+fp/hard/libc.a(lib_a-lock.o)
 .debug_frame   0x0000000000001cc8       0x4c /opt/gcc-arm/bin/../lib/gcc/arm-none-eabi/10.3.1/../../../../arm-none-eabi/lib/thumb/v7e-m+fp/hard/libc.a(lib_a-mallocr.o)
 .debug_frame   0x0000000000001d14       0x40 /opt/gcc-arm/bin/../lib/gcc/arm-none-eabi/10.3.1/../../../../arm-none-eabi/lib/thumb/v7e-m+fp/hard/libc.a(lib_a-memmove.o)
 .debug_frame   0x0000000000001d54       0x30 /opt/gcc-arm/bin/../lib/gcc/arm-none-eabi/10.3.1/../../../../arm-none-eabi/lib/thumb/v7e-m+fp/hard/libc.a(lib_a-mlock.o)
 .debug_frame   0x0000000000001d84       0x48 /opt/gcc-arm/bin/../lib/gcc/arm-none-eabi/10.3.1/../../../../arm-none-eabi/lib/thumb/v7e-m+fp/hard/libc.a(lib_a-reallocr.o)
 .debug_frame   0x0000000000001dcc       0x2c /opt/gcc-arm/bin/../lib/gcc/arm-none-eabi/10.3.1/../../../../arm-none-eabi/lib/thumb/v7e-m+fp/hard/libc.a(lib_a-sbrkr.o)
 .debug_frame   0x0000000000001df8       0x8c /opt/gcc-arm/bin/../lib/gcc/arm-none-eabi/10.3.1/../../../../arm-none-eabi/lib/thumb/v7e-m+fp/hard/libc.a(lib_a-stdio.o)
 .debug_frame   0x0000000000001e84       0x2c /opt/gcc-arm/bin/../lib/gcc/arm-none-eabi/10.3.1/../../../../arm-none-eabi/lib/thumb/v7e-m+fp/hard/libc.a(lib_a-writer.o)
 .debug_frame   0x0000000000001eb0       0x2c /opt/gcc-arm/bin/../lib/gcc/arm-none-eabi/10.3.1/../../../../arm-none-eabi/lib/thumb/v7e-m+fp/hard/libc.a(lib_a-wsetup.o)
 .debug_frame   0x0000000000001edc       0x34 /opt/gcc-arm/bin/../lib/gcc/arm-none-eabi/10.3.1/../../../../arm-none-eabi/lib/thumb/v7e-m+fp/hard/libc.a(lib_a-__atexit.o)
 .debug_frame   0x0000000000001f10       0x2c /opt/gcc-arm/bin/../lib/gcc/arm-none-eabi/10.3.1/../../../../arm-none-eabi/lib/thumb/v7e-m+fp/hard/libc.a(lib_a-closer.o)
 .debug_frame   0x0000000000001f3c       0x3c /opt/gcc-arm/bin/../lib/gcc/arm-none-eabi/10.3.1/../../../../arm-none-eabi/lib/thumb/v7e-m+fp/hard/libc.a(lib_a-fclose.o)
 .debug_frame   0x0000000000001f78       0x70 /opt/gcc-arm/bin/../lib/gcc/arm-none-eabi/10.3.1/../../../../arm-none-eabi/lib/thumb/v7e-m+fp/hard/libc.a(lib_a-fflush.o)
 .debug_frame   0x0000000000001fe8       0x8c /opt/gcc-arm/bin/../lib/gcc/arm-none-eabi/10.3.1/../../../../arm-none-eabi/lib/thumb/v7e-m+fp/hard/libc.a(lib_a-freer.o)
 .debug_frame   0x0000000000002074       0x2c /opt/gcc-arm/bin/../lib/gcc/arm-none-eabi/10.3.1/../../../../arm-none-eabi/lib/thumb/v7e-m+fp/hard/libc.a(lib_a-lseekr.o)
 .debug_frame   0x00000000000020a0       0x70 /opt/gcc-arm/bin/../lib/gcc/arm-none-eabi/10.3.1/../../../../arm-none-eabi/lib/thumb/v7e-m+fp/hard/libc.a(lib_a-makebuf.o)
 .debug_frame   0x0000000000002110       0x2c /opt/gcc-arm/bin/../lib/gcc/arm-none-eabi/10.3.1/../../../../arm-none-eabi/lib/thumb/v7e-m+fp/hard/libc.a(lib_a-readr.o)
 .debug_frame   0x000000000000213c       0x64 /opt/gcc-arm/bin/../lib/gcc/arm-none-eabi/10.3.1/../../../../arm-none-eabi/lib/thumb/v7e-m+fp/hard/libc.a(lib_a-reent.o)
 .debug_frame   0x00000000000021a0       0x2c /opt/gcc-arm/bin/../lib/gcc/arm-none-eabi/10.3.1/../../../../arm-none-eabi/lib/thumb/v7e-m+fp/hard/libc.a(lib_a-fstatr.o)
 .debug_frame   0x00000000000021cc       0x2c /opt/gcc-arm/bin/../lib/gcc/arm-none-eabi/10.3.1/../../../../arm-none-eabi/lib/thumb/v7e-m+fp/hard/libc.a(lib_a-isattyr.o)

.debug_loc      0x0000000000000000     0x998b
 .debug_loc     0x0000000000000000      0x118 /home/vlab/FreeRTOS_Work/Presentation/STM32F4_Firmware/STM32F4-FreeRTOS/build/system_stm32f4xx.o
 .debug_loc     0x0000000000000118       0x64 /home/vlab/FreeRTOS_Work/Presentation/STM32F4_Firmware/STM32F4-FreeRTOS/build/main.o
 .debug_loc     0x000000000000017c      0x2f8 /home/vlab/FreeRTOS_Work/Presentation/STM32F4_Firmware/STM32F4-FreeRTOS/build/syscalls.o
 .debug_loc     0x0000000000000474       0xf4 /home/vlab/FreeRTOS_Work/Presentation/STM32F4_Firmware/STM32F4-FreeRTOS/build/port.o
 .debug_loc     0x0000000000000568       0xbc /home/vlab/FreeRTOS_Work/Presentation/STM32F4_Firmware/STM32F4-FreeRTOS/build/list.o
 .debug_loc     0x0000000000000624     0x2a9d /home/vlab/FreeRTOS_Work/Presentation/STM32F4_Firmware/STM32F4-FreeRTOS/build/queue.o
 .debug_loc     0x00000000000030c1     0x2fdd /home/vlab/FreeRTOS_Work/Presentation/STM32F4_Firmware/STM32F4-FreeRTOS/build/tasks.o
 .debug_loc     0x000000000000609e     0x1629 /home/vlab/FreeRTOS_Work/Presentation/STM32F4_Firmware/STM32F4-FreeRTOS/build/timers.o
 .debug_loc     0x00000000000076c7      0x653 /home/vlab/FreeRTOS_Work/Presentation/STM32F4_Firmware/STM32F4-FreeRTOS/build/heap_4.o
 .debug_loc     0x0000000000007d1a      0x1c7 /home/vlab/FreeRTOS_Work/Presentation/STM32F4_Firmware/STM32F4-FreeRTOS/build/misc.o
 .debug_loc     0x0000000000007ee1      0x8e5 /home/vlab/FreeRTOS_Work/Presentation/STM32F4_Firmware/STM32F4-FreeRTOS/build/stm32f4xx_usart.o
 .debug_loc     0x00000000000087c6      0xe1d /home/vlab/FreeRTOS_Work/Presentation/STM32F4_Firmware/STM32F4-FreeRTOS/build/stm32f4xx_rcc.o
 .debug_loc     0x00000000000095e3      0x3a8 /home/vlab/FreeRTOS_Work/Presentation/STM32F4_Firmware/STM32F4-FreeRTOS/build/stm32f4xx_gpio.o
